###############################################################################
#
# IAR ELF Linker V8.32.1.169/W32 for ARM                  25/Sep/2020  15:14:24
# Copyright 2007-2018 IAR Systems AB.
#
#    Output file  =  
#        D:\TEST\STM32CUBE\SysTick_Print\EWARM\SysTick_Print\Exe\SysTick_Print.out
#    Map file     =  
#        D:\TEST\STM32CUBE\SysTick_Print\EWARM\SysTick_Print\List\SysTick_Print.map
#    Command line =  
#        -f C:\Users\User\AppData\Local\Temp\EW3615.tmp
#        (D:\TEST\STM32CUBE\SysTick_Print\EWARM\SysTick_Print\Obj\gpio.o
#        D:\TEST\STM32CUBE\SysTick_Print\EWARM\SysTick_Print\Obj\main.o
#        D:\TEST\STM32CUBE\SysTick_Print\EWARM\SysTick_Print\Obj\startup_stm32l496xx.o
#        D:\TEST\STM32CUBE\SysTick_Print\EWARM\SysTick_Print\Obj\stm32l4xx_hal.o
#        D:\TEST\STM32CUBE\SysTick_Print\EWARM\SysTick_Print\Obj\stm32l4xx_hal_cortex.o
#        D:\TEST\STM32CUBE\SysTick_Print\EWARM\SysTick_Print\Obj\stm32l4xx_hal_dma.o
#        D:\TEST\STM32CUBE\SysTick_Print\EWARM\SysTick_Print\Obj\stm32l4xx_hal_dma_ex.o
#        D:\TEST\STM32CUBE\SysTick_Print\EWARM\SysTick_Print\Obj\stm32l4xx_hal_exti.o
#        D:\TEST\STM32CUBE\SysTick_Print\EWARM\SysTick_Print\Obj\stm32l4xx_hal_flash.o
#        D:\TEST\STM32CUBE\SysTick_Print\EWARM\SysTick_Print\Obj\stm32l4xx_hal_flash_ex.o
#        D:\TEST\STM32CUBE\SysTick_Print\EWARM\SysTick_Print\Obj\stm32l4xx_hal_flash_ramfunc.o
#        D:\TEST\STM32CUBE\SysTick_Print\EWARM\SysTick_Print\Obj\stm32l4xx_hal_gpio.o
#        D:\TEST\STM32CUBE\SysTick_Print\EWARM\SysTick_Print\Obj\stm32l4xx_hal_i2c.o
#        D:\TEST\STM32CUBE\SysTick_Print\EWARM\SysTick_Print\Obj\stm32l4xx_hal_i2c_ex.o
#        D:\TEST\STM32CUBE\SysTick_Print\EWARM\SysTick_Print\Obj\stm32l4xx_hal_msp.o
#        D:\TEST\STM32CUBE\SysTick_Print\EWARM\SysTick_Print\Obj\stm32l4xx_hal_pcd.o
#        D:\TEST\STM32CUBE\SysTick_Print\EWARM\SysTick_Print\Obj\stm32l4xx_hal_pcd_ex.o
#        D:\TEST\STM32CUBE\SysTick_Print\EWARM\SysTick_Print\Obj\stm32l4xx_hal_pwr.o
#        D:\TEST\STM32CUBE\SysTick_Print\EWARM\SysTick_Print\Obj\stm32l4xx_hal_pwr_ex.o
#        D:\TEST\STM32CUBE\SysTick_Print\EWARM\SysTick_Print\Obj\stm32l4xx_hal_rcc.o
#        D:\TEST\STM32CUBE\SysTick_Print\EWARM\SysTick_Print\Obj\stm32l4xx_hal_rcc_ex.o
#        D:\TEST\STM32CUBE\SysTick_Print\EWARM\SysTick_Print\Obj\stm32l4xx_hal_tim.o
#        D:\TEST\STM32CUBE\SysTick_Print\EWARM\SysTick_Print\Obj\stm32l4xx_hal_tim_ex.o
#        D:\TEST\STM32CUBE\SysTick_Print\EWARM\SysTick_Print\Obj\stm32l4xx_hal_uart.o
#        D:\TEST\STM32CUBE\SysTick_Print\EWARM\SysTick_Print\Obj\stm32l4xx_hal_uart_ex.o
#        D:\TEST\STM32CUBE\SysTick_Print\EWARM\SysTick_Print\Obj\stm32l4xx_it.o
#        D:\TEST\STM32CUBE\SysTick_Print\EWARM\SysTick_Print\Obj\stm32l4xx_ll_usb.o
#        D:\TEST\STM32CUBE\SysTick_Print\EWARM\SysTick_Print\Obj\system_stm32l4xx.o
#        D:\TEST\STM32CUBE\SysTick_Print\EWARM\SysTick_Print\Obj\usart.o
#        D:\TEST\STM32CUBE\SysTick_Print\EWARM\SysTick_Print\Obj\usb_otg.o
#        --redirect _Printf=_PrintfFull --redirect _Scanf=_ScanfFull
#        --no_out_extension -o
#        D:\TEST\STM32CUBE\SysTick_Print\EWARM\SysTick_Print\Exe\SysTick_Print.out
#        --map
#        D:\TEST\STM32CUBE\SysTick_Print\EWARM\SysTick_Print\List\SysTick_Print.map
#        --log
#        libraries,initialization,modules,redirects,sections,veneers,unused_fragments,call_graph
#        --log_file
#        D:\TEST\STM32CUBE\SysTick_Print\EWARM\SysTick_Print\List\SysTick_Print.log
#        --config D:\TEST\STM32CUBE\SysTick_Print\EWARM/stm32l496xx_flash.icf
#        --semihosting --entry __iar_program_start --vfe --text_out locale)
#
###############################################################################

*******************************************************************************
*** RUNTIME MODEL ATTRIBUTES
***

CppFlavor       = *
__Heap_Handler  = Basic
__SystemLibrary = DLib
__dlib_version  = 6


*******************************************************************************
*** HEAP SELECTION
***

The basic heap was selected because no calls to memory allocation
functions were found in the application outside of system library
functions, and there are calls to deallocation functions in the
application.


*******************************************************************************
*** PLACEMENT SUMMARY
***

"A0":  place at 0x800'0000 { ro section .intvec };
"P1":  place in [from 0x800'0000 to 0x80f'ffff] { ro };
define block CSTACK with size = 1K, alignment = 8 { };
define block HEAP with size = 512, alignment = 8 { };
"P2":  place in [from 0x2000'0000 to 0x2004'ffff] {
          rw, block CSTACK, block HEAP };
initialize by copy { rw };

  Section            Kind         Address    Size  Object
  -------            ----         -------    ----  ------
"A0":                                       0x1ac
  .intvec            ro code   0x800'0000   0x1ac  startup_stm32l496xx.o [1]
                             - 0x800'01ac   0x1ac

"P1":                                      0x452b
  .text              ro code   0x800'01ac   0xf46  xprintffull.o [2]
  .text              ro code   0x800'10f2    0x7a  lz77_init_single.o [4]
  .text              ro code   0x800'116c    0x78  xlocale_c.o [2]
  .text              ro code   0x800'11e4    0x16  strchr.o [4]
  .text              ro code   0x800'11fa    0x3a  zero_init3.o [4]
  .text              ro code   0x800'1234    0x40  xfail_s.o [2]
  .text              ro code   0x800'1274    0x36  strlen.o [4]
  .text              ro code   0x800'12aa    0x1e  xencoding_8859_1.o [2]
  .text              ro code   0x800'12c8    0x58  memchr.o [4]
  .text              ro code   0x800'1320     0xa  xmbcurmax.o [2]
  .text              ro code   0x800'132c    0x18  ABImemcpy_small.o [4]
  .text              ro code   0x800'1344   0x106  I64DivMod_small.o [4]
  .text              ro code   0x800'144c   0x1a2  DblMul.o [3]
  .text              ro code   0x800'15f0    0x70  frexp.o [3]
  .text              ro code   0x800'1660    0x2e  DblCmpLe.o [3]
  .text              ro code   0x800'1690    0x2e  DblCmpGe.o [3]
  .text              ro code   0x800'16c0   0x13a  ldexp.o [3]
  .text              ro code   0x800'17fc    0x3a  DblToS32.o [3]
  .text              ro code   0x800'1838    0x22  S32ToDbl.o [3]
  .text              ro code   0x800'185c    0xe2  DblSub.o [3]
  .text              ro code   0x800'1940   0x246  DblDiv.o [3]
  .text              ro code   0x800'1b88    0x28  DblToU32.o [3]
  .text              ro code   0x800'1bb0    0x1a  U32ToDbl.o [3]
  .text              ro code   0x800'1bca     0x6  abort.o [2]
  .text              ro code   0x800'1bd0     0x2  I64DivZer.o [4]
  .text              ro code   0x800'1bd4   0x16a  DblAdd.o [3]
  .text              ro code   0x800'1d40    0x14  exit.o [5]
  .text              ro code   0x800'1d54    0x80  iarttio.o [5]
  .text              ro code   0x800'1dd4    0x3c  XShttio.o [2]
  .text              ro code   0x800'1e10   0x794  stm32l4xx_hal_rcc.o [1]
  .text              ro code   0x800'25a4    0x44  stm32l4xx_hal.o [1]
  .text              ro code   0x800'25e8     0xc  stm32l4xx_hal.o [1]
  .text              ro code   0x800'25f4    0xa8  stm32l4xx_hal_pwr_ex.o [1]
  .text              ro code   0x800'269c    0xb2  stm32l4xx_hal_cortex.o [1]
  .text              ro code   0x800'2750   0x560  stm32l4xx_hal_rcc_ex.o [1]
  .text              ro code   0x800'2cb0   0x466  stm32l4xx_hal_uart.o [1]
  .text              ro code   0x800'3118    0xac  usart.o [1]
  .text              ro code   0x800'31c4   0x154  main.o [1]
  .text              ro code   0x800'3318     0x6  ABImemclr4.o [4]
  .text              ro code   0x800'3320   0x1dc  stm32l4xx_hal_gpio.o [1]
  .text              ro code   0x800'34fc    0x1e  stm32l4xx_hal.o [1]
  .text              ro code   0x800'351c    0xf0  gpio.o [1]
  .text              ro code   0x800'360c    0xe8  usb_otg.o [1]
  .text              ro code   0x800'36f4    0x28  printf.o [2]
  .text              ro code   0x800'371c    0x10  stm32l4xx_hal_pwr.o [1]
  .text              ro code   0x800'372c    0x32  ABImemset48.o [4]
  .text              ro code   0x800'3760    0x30  stm32l4xx_hal_msp.o [1]
  .text              ro code   0x800'3790    0xdc  stm32l4xx_hal_pcd.o [1]
  .text              ro code   0x800'386c   0x280  stm32l4xx_ll_usb.o [1]
  .text              ro code   0x800'3aec    0x26  stm32l4xx_hal_pcd_ex.o [1]
  .text              ro code   0x800'3b14    0x28  stm32l4xx_hal.o [1]
  .text              ro code   0x800'3b3c   0x140  heap0.o [2]
  .text              ro code   0x800'3c7c    0x2c  xgetmemchunk.o [2]
  .text              ro code   0x800'3ca8    0xd8  xfspos.o [2]
  .text              ro code   0x800'3d80    0xac  fflush.o [2]
  .text              ro code   0x800'3e2c     0xc  xfgpos.o [2]
  .text              ro code   0x800'3e38    0x4a  lseek.o [5]
  .text              ro code   0x800'3e82    0x10  write.o [5]
  .text              ro code   0x800'3e94    0xcc  XShHandles.o [2]
  .text              ro code   0x800'3f60    0x1e  dwrite.o [5]
  .text              ro code   0x800'3f7e    0x20  iarwstd.o [5]
  .text              ro code   0x800'3f9e    0x22  iarwrite.o [5]
  .rodata            const     0x800'3fc0    0xd0  main.o [1]
  .text              ro code   0x800'4090    0xb4  xfwprep.o [2]
  .text              ro code   0x800'4144    0x24  fseek.o [2]
  .text              ro code   0x800'4168    0x8c  xfofind.o [2]
  .text              ro code   0x800'41f4     0x4  heaptramp0.o [2]
  .text              ro code   0x800'41f8    0x7e  fclose.o [2]
  .text              ro code   0x800'4276    0x18  close.o [5]
  .text              ro code   0x800'428e    0x14  remove.o [5]
  .text              ro code   0x800'42a4    0x5c  system_stm32l4xx.o [1]
  .text              ro code   0x800'4300    0x54  fputc.o [2]
  .text              ro code   0x800'4354    0x3c  xcloseall.o [2]
  .rodata            const     0x800'4390    0x30  system_stm32l4xx.o [1]
  .text              ro code   0x800'43c0    0x28  data_init.o [4]
  .text              ro code   0x800'43e8    0x22  stm32l4xx_it.o [1]
  .text              ro code   0x800'440c    0x10  stm32l4xx_hal.o [1]
  .text              ro code   0x800'441c    0x22  fpinit_M.o [3]
  .iar.init_table    const     0x800'4440    0x20  - Linker created -
  .text              ro code   0x800'4460    0x1e  cmain.o [4]
  .text              ro code   0x800'447e     0x4  low_level_init.o [2]
  .text              ro code   0x800'4482     0x4  exit.o [2]
  .text              ro code   0x800'4488     0xe  cexit.o [4]
  .text              ro code   0x800'4496    0x16  xprout.o [2]
  .text              ro code   0x800'44ac     0xc  putchar.o [2]
  .text              ro code   0x800'44b8    0x10  startup_stm32l496xx.o [1]
  .text              ro code   0x800'44c8     0xc  cstartup_M.o [4]
  .rodata            const     0x800'44d4     0x8  system_stm32l4xx.o [1]
  .rodata            const     0x800'44dc     0x6  xlocale_c.o [2]
  .text              ro code   0x800'44e2     0x4  startup_stm32l496xx.o [1]
  .text              ro code   0x800'44e6     0x4  startup_stm32l496xx.o [1]
  .text              ro code   0x800'44ea     0x4  startup_stm32l496xx.o [1]
  .text              ro code   0x800'44ee     0x4  startup_stm32l496xx.o [1]
  .text              ro code   0x800'44f2     0x4  startup_stm32l496xx.o [1]
  .text              ro code   0x800'44f6     0x4  startup_stm32l496xx.o [1]
  .text              ro code   0x800'44fa     0x4  startup_stm32l496xx.o [1]
  .text              ro code   0x800'44fe     0x4  startup_stm32l496xx.o [1]
  .text              ro code   0x800'4502     0x4  startup_stm32l496xx.o [1]
  .text              ro code   0x800'4506     0x4  startup_stm32l496xx.o [1]
  .text              ro code   0x800'450a     0x4  startup_stm32l496xx.o [1]
  .text              ro code   0x800'450e     0x4  startup_stm32l496xx.o [1]
  .text              ro code   0x800'4512     0x4  startup_stm32l496xx.o [1]
  .text              ro code   0x800'4516     0x4  startup_stm32l496xx.o [1]
  .text              ro code   0x800'451a     0x4  startup_stm32l496xx.o [1]
  .text              ro code   0x800'451e     0x4  startup_stm32l496xx.o [1]
  .text              ro code   0x800'4522     0x4  startup_stm32l496xx.o [1]
  .text              ro code   0x800'4526     0x4  startup_stm32l496xx.o [1]
  .text              ro code   0x800'452a     0x4  startup_stm32l496xx.o [1]
  .text              ro code   0x800'452e     0x4  startup_stm32l496xx.o [1]
  .text              ro code   0x800'4532     0x4  startup_stm32l496xx.o [1]
  .text              ro code   0x800'4536     0x4  startup_stm32l496xx.o [1]
  .text              ro code   0x800'453a     0x4  startup_stm32l496xx.o [1]
  .text              ro code   0x800'453e     0x4  startup_stm32l496xx.o [1]
  .text              ro code   0x800'4542     0x4  startup_stm32l496xx.o [1]
  .text              ro code   0x800'4546     0x4  startup_stm32l496xx.o [1]
  .text              ro code   0x800'454a     0x4  startup_stm32l496xx.o [1]
  .text              ro code   0x800'454e     0x4  startup_stm32l496xx.o [1]
  .text              ro code   0x800'4552     0x4  startup_stm32l496xx.o [1]
  .text              ro code   0x800'4556     0x4  startup_stm32l496xx.o [1]
  .text              ro code   0x800'455a     0x4  startup_stm32l496xx.o [1]
  .text              ro code   0x800'455e     0x4  startup_stm32l496xx.o [1]
  .text              ro code   0x800'4562     0x4  startup_stm32l496xx.o [1]
  .text              ro code   0x800'4566     0x4  startup_stm32l496xx.o [1]
  .text              ro code   0x800'456a     0x4  startup_stm32l496xx.o [1]
  .text              ro code   0x800'456e     0x4  startup_stm32l496xx.o [1]
  .text              ro code   0x800'4572     0x4  startup_stm32l496xx.o [1]
  .text              ro code   0x800'4576     0x4  startup_stm32l496xx.o [1]
  .text              ro code   0x800'457a     0x4  startup_stm32l496xx.o [1]
  .text              ro code   0x800'457e     0x4  startup_stm32l496xx.o [1]
  .text              ro code   0x800'4582     0x4  startup_stm32l496xx.o [1]
  .text              ro code   0x800'4586     0x4  startup_stm32l496xx.o [1]
  .text              ro code   0x800'458a     0x4  startup_stm32l496xx.o [1]
  .text              ro code   0x800'458e     0x4  startup_stm32l496xx.o [1]
  .text              ro code   0x800'4592     0x4  startup_stm32l496xx.o [1]
  .text              ro code   0x800'4596     0x4  startup_stm32l496xx.o [1]
  .text              ro code   0x800'459a     0x4  startup_stm32l496xx.o [1]
  .text              ro code   0x800'459e     0x4  startup_stm32l496xx.o [1]
  .text              ro code   0x800'45a2     0x4  startup_stm32l496xx.o [1]
  .text              ro code   0x800'45a6     0x4  startup_stm32l496xx.o [1]
  .text              ro code   0x800'45aa     0x4  startup_stm32l496xx.o [1]
  .text              ro code   0x800'45ae     0x4  startup_stm32l496xx.o [1]
  .text              ro code   0x800'45b2     0x4  startup_stm32l496xx.o [1]
  .text              ro code   0x800'45b6     0x4  startup_stm32l496xx.o [1]
  .text              ro code   0x800'45ba     0x4  startup_stm32l496xx.o [1]
  .text              ro code   0x800'45be     0x4  startup_stm32l496xx.o [1]
  .text              ro code   0x800'45c2     0x4  startup_stm32l496xx.o [1]
  .text              ro code   0x800'45c6     0x4  startup_stm32l496xx.o [1]
  .text              ro code   0x800'45ca     0x4  startup_stm32l496xx.o [1]
  .text              ro code   0x800'45ce     0x4  startup_stm32l496xx.o [1]
  .text              ro code   0x800'45d2     0x4  startup_stm32l496xx.o [1]
  .text              ro code   0x800'45d6     0x4  startup_stm32l496xx.o [1]
  .text              ro code   0x800'45da     0x4  startup_stm32l496xx.o [1]
  .text              ro code   0x800'45de     0x4  startup_stm32l496xx.o [1]
  .text              ro code   0x800'45e2     0x4  startup_stm32l496xx.o [1]
  .text              ro code   0x800'45e6     0x4  startup_stm32l496xx.o [1]
  .text              ro code   0x800'45ea     0x4  startup_stm32l496xx.o [1]
  .text              ro code   0x800'45ee     0x4  startup_stm32l496xx.o [1]
  .text              ro code   0x800'45f2     0x4  startup_stm32l496xx.o [1]
  .text              ro code   0x800'45f6     0x4  startup_stm32l496xx.o [1]
  .text              ro code   0x800'45fa     0x4  startup_stm32l496xx.o [1]
  .text              ro code   0x800'45fe     0x4  startup_stm32l496xx.o [1]
  .text              ro code   0x800'4602     0x4  startup_stm32l496xx.o [1]
  .text              ro code   0x800'4606     0x4  startup_stm32l496xx.o [1]
  .text              ro code   0x800'460a     0x4  startup_stm32l496xx.o [1]
  .text              ro code   0x800'460e     0x4  startup_stm32l496xx.o [1]
  .text              ro code   0x800'4612     0x4  startup_stm32l496xx.o [1]
  .text              ro code   0x800'4616     0x4  startup_stm32l496xx.o [1]
  .text              ro code   0x800'461a     0x4  startup_stm32l496xx.o [1]
  .text              ro code   0x800'461e     0x4  startup_stm32l496xx.o [1]
  .text              ro code   0x800'4622     0x4  startup_stm32l496xx.o [1]
  .text              ro code   0x800'4626     0x4  startup_stm32l496xx.o [1]
  .text              ro code   0x800'462a     0x4  startup_stm32l496xx.o [1]
  .text              ro code   0x800'462e     0x4  startup_stm32l496xx.o [1]
  .text              ro code   0x800'4632     0x4  startup_stm32l496xx.o [1]
  .text              ro code   0x800'4636     0x4  startup_stm32l496xx.o [1]
  .text              ro code   0x800'463a     0x4  startup_stm32l496xx.o [1]
  .text              ro code   0x800'463e     0x4  startup_stm32l496xx.o [1]
  .text              ro code   0x800'4642     0x4  startup_stm32l496xx.o [1]
  .text              ro code   0x800'4646     0x4  startup_stm32l496xx.o [1]
  .text              ro code   0x800'464c     0x0  cstart_closeall.o [4]
  .rodata            const     0x800'464c     0x0  zero_init3.o [4]
  .rodata            const     0x800'464c     0x0  lz77_init_single.o [4]
  Initializer bytes  const     0x800'464c    0x8b  <for P2-1>
                             - 0x800'46d7  0x452b

"P2", part 1 of 3:                          0x190
  P2-1                        0x2000'0000   0x190  <Init block>
    .data            inited   0x2000'0000     0xc  stm32l4xx_hal.o [1]
    .data            inited   0x2000'000c     0x4  system_stm32l4xx.o [1]
    .data            inited   0x2000'0010    0x38  xlocale_c.o [2]
    .data            inited   0x2000'0048    0x48  xlocale_c.o [2]
    .data            inited   0x2000'0090    0x48  xfiles.o [2]
    .data            inited   0x2000'00d8    0x48  xfiles.o [2]
    .data            inited   0x2000'0120    0x48  xfiles.o [2]
    .data            inited   0x2000'0168    0x20  xfiles.o [2]
    .data            inited   0x2000'0188     0x8  XShttio.o [2]
                            - 0x2000'0190   0x190

"P2", part 2 of 3:                          0x5c4
  .bss               zero     0x2000'0190   0x408  usb_otg.o [1]
  .bss               zero     0x2000'0598    0x80  usart.o [1]
  .bss               zero     0x2000'0618    0x80  XShHandles.o [2]
  .bss               zero     0x2000'0698    0x50  xfiles.o [2]
  .bss               zero     0x2000'06e8    0x50  xfiles.o [2]
  .bss               zero     0x2000'0738     0x8  main.o [1]
  .bss               zero     0x2000'0740     0x8  heap0.o [2]
  .bss               zero     0x2000'0748     0x4  xfail_s.o [2]
  .bss               zero     0x2000'074c     0x4  xgetmemchunk.o [2]
  .bss               zero     0x2000'0750     0x1  XShttio.o [2]
                            - 0x2000'0751   0x5c1

"P2", part 3 of 3:                          0x600
  CSTACK                      0x2000'0758   0x400  <Block>
    CSTACK           uninit   0x2000'0758   0x400  <Block tail>
  HEAP                        0x2000'0b58   0x200  <Block>
    HEAP             uninit   0x2000'0b58   0x200  <Block tail>
                            - 0x2000'0d58   0x600

Unused ranges:

         From           To      Size
         ----           --      ----
   0x800'46d7   0x80f'ffff  0xf'b929
  0x2000'0754  0x2000'0757       0x4
  0x2000'0d58  0x2004'ffff  0x4'f2a8


*******************************************************************************
*** INIT TABLE
***

          Address      Size
          -------      ----
Zero (__iar_zero_init3)
    1 destination range, total size 0x5c1:
          0x2000'0190  0x5c1

Copy/lz77 (__iar_lz77_init_single3)
    1 source range, total size 0x8b (34% of destination):
           0x800'464c   0x8b
    1 destination range, total size 0x190:
          0x2000'0000  0x190



*******************************************************************************
*** MODULE SUMMARY
***

    Module                  ro code  ro data  rw data
    ------                  -------  -------  -------
command line/config:
    -------------------------------------------------
    Total:

D:\TEST\STM32CUBE\SysTick_Print\EWARM\SysTick_Print\Obj: [1]
    gpio.o                      240
    main.o                      340      208        8
    startup_stm32l496xx.o       804
    stm32l4xx_hal.o             166        4       12
    stm32l4xx_hal_cortex.o      178
    stm32l4xx_hal_gpio.o        476
    stm32l4xx_hal_msp.o          48
    stm32l4xx_hal_pcd.o         220
    stm32l4xx_hal_pcd_ex.o       38
    stm32l4xx_hal_pwr.o          16
    stm32l4xx_hal_pwr_ex.o      168
    stm32l4xx_hal_rcc.o       1 940
    stm32l4xx_hal_rcc_ex.o    1 376
    stm32l4xx_hal_uart.o      1 126
    stm32l4xx_it.o               34
    stm32l4xx_ll_usb.o          640
    system_stm32l4xx.o           92       57        4
    usart.o                     172               128
    usb_otg.o                   232             1 032
    -------------------------------------------------
    Total:                    8 306      269    1 184

dl7M_tlf.a: [2]
    XShHandles.o                204               128
    XShttio.o                    60        3        9
    abort.o                       6
    exit.o                        4
    fclose.o                    126
    fflush.o                    172
    fputc.o                      84
    fseek.o                      36
    heap0.o                     320                 8
    heaptramp0.o                  4
    low_level_init.o              4
    printf.o                     40
    putchar.o                    12
    xcloseall.o                  60
    xencoding_8859_1.o           30
    xfail_s.o                    64                 4
    xfgpos.o                     12
    xfiles.o                              86      408
    xfofind.o                   140
    xfspos.o                    216
    xfwprep.o                   180
    xgetmemchunk.o               44                 4
    xlocale_c.o                 120       51      128
    xmbcurmax.o                  10
    xprintffull.o             3 910
    xprout.o                     22
    -------------------------------------------------
    Total:                    5 880      140      689

m7M_tls.a: [3]
    DblAdd.o                    362
    DblCmpGe.o                   46
    DblCmpLe.o                   46
    DblDiv.o                    582
    DblMul.o                    418
    DblSub.o                    226
    DblToS32.o                   58
    DblToU32.o                   40
    S32ToDbl.o                   34
    U32ToDbl.o                   26
    fpinit_M.o                   34
    frexp.o                     112
    ldexp.o                     314
    -------------------------------------------------
    Total:                    2 298

rt7M_tl.a: [4]
    ABImemclr4.o                  6
    ABImemcpy_small.o            24
    ABImemset48.o                50
    I64DivMod_small.o           262
    I64DivZer.o                   2
    cexit.o                      14
    cmain.o                      30
    cstart_closeall.o
    cstartup_M.o                 12
    data_init.o                  40
    lz77_init_single.o          122
    memchr.o                     88
    strchr.o                     22
    strlen.o                     54
    zero_init3.o                 58
    -------------------------------------------------
    Total:                      784

shb_l.a: [5]
    close.o                      24
    dwrite.o                     30
    exit.o                       20
    iarttio.o                   128
    iarwrite.o                   34
    iarwstd.o                    32
    lseek.o                      74
    remove.o                     20
    write.o                      16
    -------------------------------------------------
    Total:                      378

    Gaps                         46        2
    Linker created                        32    1 536
-----------------------------------------------------
    Grand Total:             17 692      443    3 409


*******************************************************************************
*** ENTRY LIST
***

Entry                       Address   Size  Type      Object
-----                       -------   ----  ----      ------
.iar.init_table$$Base    0x800'4440          --   Gb  - Linker created -
.iar.init_table$$Limit   0x800'4460          --   Gb  - Linker created -
?main                    0x800'4461         Code  Gb  cmain.o [4]
AHBPrescTable            0x800'42f0   0x10  Data  Gb  system_stm32l4xx.o [1]
APBPrescTable            0x800'44d4    0x8  Data  Gb  system_stm32l4xx.o [1]
Aldata                  0x2000'0740    0x8  Data  Lc  heap0.o [2]
BusFault_Handler         0x800'43ef    0x2  Code  Gb  stm32l4xx_it.o [1]
CSTACK$$Base            0x2000'0758          --   Gb  - Linker created -
CSTACK$$Limit           0x2000'0b58          --   Gb  - Linker created -
CacheMore                0x800'1171   0x24  Code  Lc  xlocale_c.o [2]
DebugMon_Handler         0x800'43f5    0x2  Code  Gb  stm32l4xx_it.o [1]
Error_Handler            0x800'3309    0x2  Code  Gb  main.o [1]
Flag_var                0x2000'0738    0x4  Data  Gb  main.o [1]
HAL_Delay                0x800'3b15   0x28  Code  Wk  stm32l4xx_hal.o [1]
HAL_GPIO_Init            0x800'3321  0x1aa  Code  Gb  stm32l4xx_hal_gpio.o [1]
HAL_GPIO_WritePin        0x800'34cb    0xa  Code  Gb  stm32l4xx_hal_gpio.o [1]
HAL_GetTick              0x800'25e9    0xc  Code  Wk  stm32l4xx_hal.o [1]
HAL_IncTick              0x800'440d   0x10  Code  Wk  stm32l4xx_hal.o [1]
HAL_Init                 0x800'34fd   0x1e  Code  Gb  stm32l4xx_hal.o [1]
HAL_InitTick             0x800'25a5   0x44  Code  Wk  stm32l4xx_hal.o [1]
HAL_MspInit              0x800'3761   0x30  Code  Gb  stm32l4xx_hal_msp.o [1]
HAL_NVIC_SetPriority     0x800'26d1   0x3a  Code  Gb  stm32l4xx_hal_cortex.o [1]
HAL_NVIC_SetPriorityGrouping
                         0x800'26b7   0x1a  Code  Gb  stm32l4xx_hal_cortex.o [1]
HAL_PCDEx_ActivateLPM    0x800'3aed   0x26  Code  Gb  stm32l4xx_hal_pcd_ex.o [1]
HAL_PCD_Init             0x800'3791   0xc4  Code  Gb  stm32l4xx_hal_pcd.o [1]
HAL_PCD_MspInit          0x800'3645   0x9a  Code  Gb  usb_otg.o [1]
HAL_PWREx_ControlVoltageScaling
                         0x800'2601   0x5e  Code  Gb  stm32l4xx_hal_pwr_ex.o [1]
HAL_PWREx_EnableVddIO2   0x800'2665    0xe  Code  Gb  stm32l4xx_hal_pwr_ex.o [1]
HAL_PWREx_EnableVddUSB   0x800'265f    0x6  Code  Gb  stm32l4xx_hal_pwr_ex.o [1]
HAL_PWREx_GetVoltageRange
                         0x800'25f5    0xc  Code  Gb  stm32l4xx_hal_pwr_ex.o [1]
HAL_PWR_EnableBkUpAccess
                         0x800'371d    0xc  Code  Gb  stm32l4xx_hal_pwr.o [1]
HAL_RCCEx_EnableMSIPLLMode
                         0x800'2aad    0xe  Code  Gb  stm32l4xx_hal_rcc_ex.o [1]
HAL_RCCEx_PeriphCLKConfig
                         0x800'2751  0x340  Code  Gb  stm32l4xx_hal_rcc_ex.o [1]
HAL_RCC_ClockConfig      0x800'231b  0x100  Code  Gb  stm32l4xx_hal_rcc.o [1]
HAL_RCC_GetHCLKFreq      0x800'24c1    0x6  Code  Gb  stm32l4xx_hal_rcc.o [1]
HAL_RCC_GetPCLK1Freq     0x800'24c7   0x10  Code  Gb  stm32l4xx_hal_rcc.o [1]
HAL_RCC_GetPCLK2Freq     0x800'24d7    0xe  Code  Gb  stm32l4xx_hal_rcc.o [1]
HAL_RCC_GetSysClockFreq
                         0x800'242f   0x92  Code  Gb  stm32l4xx_hal_rcc.o [1]
HAL_RCC_OscConfig        0x800'1e11  0x4de  Code  Gb  stm32l4xx_hal_rcc.o [1]
HAL_SYSTICK_Config       0x800'270d   0x28  Code  Gb  stm32l4xx_hal_cortex.o [1]
HAL_SYSTICK_IRQHandler   0x800'2735    0x4  Code  Gb  stm32l4xx_hal_cortex.o [1]
HAL_UART_Init            0x800'2cb1   0x30  Code  Gb  stm32l4xx_hal_uart.o [1]
HAL_UART_MspInit         0x800'314d   0x62  Code  Gb  usart.o [1]
HEAP$$Base              0x2000'0b58          --   Gb  - Linker created -
HEAP$$Limit             0x2000'0d58          --   Gb  - Linker created -
HardFault_Handler        0x800'43eb    0x2  Code  Gb  stm32l4xx_it.o [1]
LoadInt                  0x800'036f   0x7a  Code  Lc  xprintffull.o [2]
MSIRangeTable            0x800'4390   0x30  Data  Gb  system_stm32l4xx.o [1]
MX_GPIO_Init             0x800'351d   0xcc  Code  Gb  gpio.o [1]
MX_LPUART1_UART_Init     0x800'3119   0x34  Code  Gb  usart.o [1]
MX_USB_OTG_FS_PCD_Init   0x800'360d   0x38  Code  Gb  usb_otg.o [1]
MemManage_Handler        0x800'43ed    0x2  Code  Gb  stm32l4xx_it.o [1]
NMI_Handler              0x800'43e9    0x2  Code  Gb  stm32l4xx_it.o [1]
PendSV_Handler           0x800'43f7    0x2  Code  Gb  stm32l4xx_it.o [1]
RCCEx_PLLSAI1_Config     0x800'2ac9   0xc8  Code  Lc  stm32l4xx_hal_rcc_ex.o [1]
RCCEx_PLLSAI2_Config     0x800'2b91   0xac  Code  Lc  stm32l4xx_hal_rcc_ex.o [1]
RCC_SetFlashLatencyFromMSIRange
                         0x800'24ef   0x74  Code  Lc  stm32l4xx_hal_rcc.o [1]
Region$$Table$$Base      0x800'4440          --   Gb  - Linker created -
Region$$Table$$Limit     0x800'4460          --   Gb  - Linker created -
SVC_Handler              0x800'43f3    0x2  Code  Gb  stm32l4xx_it.o [1]
SysTick_Handler          0x800'43f9   0x12  Code  Gb  stm32l4xx_it.o [1]
SysTick_Test             0x800'32ed    0x8  Code  Gb  main.o [1]
SystemClock_Config       0x800'3235   0xb8  Code  Gb  main.o [1]
SystemCoreClock         0x2000'000c    0x4  Data  Gb  system_stm32l4xx.o [1]
SystemInit               0x800'42a5   0x3c  Code  Gb  system_stm32l4xx.o [1]
UART_AdvFeatureConfig    0x800'2f69   0xc6  Code  Gb  stm32l4xx_hal_uart.o [1]
UART_CheckIdleState      0x800'302f   0x5a  Code  Gb  stm32l4xx_hal_uart.o [1]
UART_SetConfig           0x800'2d31  0x210  Code  Gb  stm32l4xx_hal_uart.o [1]
UART_WaitOnFlagUntilTimeout
                         0x800'3089   0x78  Code  Gb  stm32l4xx_hal_uart.o [1]
USB_CoreInit             0x800'386d   0x62  Code  Gb  stm32l4xx_ll_usb.o [1]
USB_CoreReset            0x800'3ab7   0x2a  Code  Lc  stm32l4xx_ll_usb.o [1]
USB_DevDisconnect        0x800'3a9b   0x16  Code  Gb  stm32l4xx_ll_usb.o [1]
USB_DevInit              0x800'3909  0x14a  Code  Gb  stm32l4xx_ll_usb.o [1]
USB_DisableGlobalInt     0x800'38cf    0x6  Code  Gb  stm32l4xx_ll_usb.o [1]
USB_FlushRxFifo          0x800'3a71   0x1a  Code  Gb  stm32l4xx_ll_usb.o [1]
USB_FlushTxFifo          0x800'3a53   0x1e  Code  Gb  stm32l4xx_ll_usb.o [1]
USB_SetCurrentMode       0x800'38db   0x2e  Code  Gb  stm32l4xx_ll_usb.o [1]
USB_SetDevSpeed          0x800'3a8b    0xa  Code  Gb  stm32l4xx_ll_usb.o [1]
UsageFault_Handler       0x800'43f1    0x2  Code  Gb  stm32l4xx_it.o [1]
_Close_all               0x800'4355   0x3c  Code  Gb  xcloseall.o [2]
_Encoding_8859_1_Mbrlen
                         0x800'12bd    0x2  Code  Gb  xencoding_8859_1.o [2]
_Encoding_8859_1_Wctomb
                         0x800'12ab   0x12  Code  Gb  xencoding_8859_1.o [2]
_Files                  0x2000'0168   0x20  Data  Gb  xfiles.o [2]
_Fofree                  0x800'4169   0x86  Code  Gb  xfofind.o [2]
_Fspos                   0x800'3ca9   0xd8  Code  Gb  xfspos.o [2]
_Fwprep                  0x800'4091   0xb4  Code  Gb  xfwprep.o [2]
_GenldFull               0x800'0dcd  0x274  Code  Lc  xprintffull.o [2]
_LdtobFull               0x800'09c9  0x3d6  Code  Lc  xprintffull.o [2]
_LitobFull               0x800'0879  0x10a  Code  Lc  xprintffull.o [2]
_Locale_lconv           0x2000'0010   0x38  Data  Lc  xlocale_c.o [2]
_Nnl                     0x800'3e2d    0xc  Code  Gb  xfgpos.o [2]
_PrintfFull              0x800'01ad  0x1aa  Code  Gb  xprintffull.o [2]
_Prout                   0x800'4497   0x16  Code  Gb  xprout.o [2]
_PutcharsFull            0x800'1041   0x2e  Code  Lc  xprintffull.o [2]
_PutfldFull              0x800'03e9  0x2d4  Code  Lc  xprintffull.o [2]
_PutstrFull              0x800'07b3   0xc6  Code  Lc  xprintffull.o [2]
_PuttxtFull              0x800'06bd   0xf6  Code  Lc  xprintffull.o [2]
__NVIC_SetPriority       0x800'269d   0x1a  Code  Lc  stm32l4xx_hal_cortex.o [1]
__aeabi_cdcmple          0x800'1661         Code  Gb  DblCmpLe.o [3]
__aeabi_cdrcmple         0x800'1691         Code  Gb  DblCmpGe.o [3]
__aeabi_d2iz             0x800'17fd         Code  Gb  DblToS32.o [3]
__aeabi_d2uiz            0x800'1b89         Code  Gb  DblToU32.o [3]
__aeabi_ddiv             0x800'1941         Code  Gb  DblDiv.o [3]
__aeabi_dmul             0x800'144d         Code  Gb  DblMul.o [3]
__aeabi_dsub             0x800'185d         Code  Gb  DblSub.o [3]
__aeabi_i2d              0x800'1839         Code  Gb  S32ToDbl.o [3]
__aeabi_ldiv0            0x800'1bd1         Code  Gb  I64DivZer.o [4]
__aeabi_memclr4          0x800'3319         Code  Gb  ABImemclr4.o [4]
__aeabi_ui2d             0x800'1bb1         Code  Gb  U32ToDbl.o [3]
__basic_free             0x800'3be9   0x16  Code  Gb  heap0.o [2]
__basic_free_intern      0x800'3bff   0x7a  Code  Lc  heap0.o [2]
__basic_malloc           0x800'3b3d   0x18  Code  Gb  heap0.o [2]
__basic_malloc_intern    0x800'3b55   0x94  Code  Lc  heap0.o [2]
__cexit_closeall         0x800'448b         Code  Gb  cexit.o [4]
__close                  0x800'4277   0x18  Code  Gb  close.o [5]
__cmain                  0x800'4461         Code  Gb  cmain.o [4]
__cstart_closeall        0x800'464c         Data  Gb  cstart_closeall.o [4]
__data_GetMemChunk       0x800'3c7d   0x2c  Code  Gb  xgetmemchunk.o [2]
__data_GetMemChunk::start
                        0x2000'074c    0x4  Data  Lc  xgetmemchunk.o [2]
__dwrite                 0x800'3f61   0x1e  Code  Gb  dwrite.o [5]
__exit                   0x800'1d41   0x14  Code  Gb  exit.o [5]
__iar_Fail_s             0x800'1235   0x1c  Code  Gb  xfail_s.o [2]
__iar_Mbcurmax           0x800'1321    0xa  Code  Gb  xmbcurmax.o [2]
__iar_Memchr             0x800'12c9         Code  Gb  memchr.o [4]
__iar_Memset4_word       0x800'372d         Code  Gb  ABImemset48.o [4]
__iar_Memset8_word       0x800'372d         Code  Gb  ABImemset48.o [4]
__iar_Stderr            0x2000'0120   0x48  Data  Gb  xfiles.o [2]
__iar_Stdin             0x2000'0090   0x48  Data  Gb  xfiles.o [2]
__iar_Stdout            0x2000'00d8   0x48  Data  Gb  xfiles.o [2]
__iar_Strchr             0x800'11e5         Code  Gb  strchr.o [4]
__iar_close_ttio         0x800'1d55   0x2e  Code  Gb  iarttio.o [5]
__iar_dadd               0x800'186d         Code  Gb  DblSub.o [3]
__iar_data_init3         0x800'43c1   0x28  Code  Gb  data_init.o [4]
__iar_dsub               0x800'1bd5         Code  Gb  DblAdd.o [3]
__iar_dsubStart          0x800'1be7         Code  Gb  DblAdd.o [3]
__iar_frexp              0x800'15fd         Code  Gb  frexp.o [3]
__iar_frexpl             0x800'15fd         Code  Gb  frexp.o [3]
__iar_get_ttio           0x800'1d85   0x4c  Code  Gb  iarttio.o [5]
__iar_globLocale        0x2000'0048   0x48  Data  Lc  xlocale_c.o [2]
__iar_global_Locale      0x800'116d    0x4  Code  Gb  xlocale_c.o [2]
__iar_init_vfp           0x800'441d         Code  Gb  fpinit_M.o [3]
__iar_ldexp64            0x800'16c1         Code  Gb  ldexp.o [3]
__iar_lookup_ttioh       0x800'1e03    0x4  Code  Gb  XShttio.o [2]
__iar_lz77_init_single3
                         0x800'10f3   0x7a  Code  Gb  lz77_init_single.o [4]
__iar_program_start      0x800'44c9         Code  Gb  cstartup_M.o [4]
__iar_scalbln64          0x800'16c1         Code  Gb  ldexp.o [3]
__iar_scalbn64           0x800'16c1         Code  Gb  ldexp.o [3]
__iar_sh_Discard         0x800'3e95   0x42  Code  Gb  XShHandles.o [2]
__iar_sh_Move            0x800'3ed7   0x46  Code  Gb  XShHandles.o [2]
__iar_sh_Pos             0x800'3f1d   0x3e  Code  Gb  XShHandles.o [2]
__iar_sh_stdout          0x800'3f7f   0x20  Code  Gb  iarwstd.o [5]
__iar_sh_write           0x800'3f9f   0x22  Code  Gb  iarwrite.o [5]
__iar_small_Memcpy       0x800'1331         Code  Gb  ABImemcpy_small.o [4]
__iar_small_memcpy       0x800'132d         Code  Gb  ABImemcpy_small.o [4]
__iar_small_memcpy4      0x800'132d         Code  Gb  ABImemcpy_small.o [4]
__iar_small_memcpy8      0x800'132d         Code  Gb  ABImemcpy_small.o [4]
__iar_small_uldivmod     0x800'1345         Code  Gb  I64DivMod_small.o [4]
__iar_softfp___iar_frexp64
                         0x800'15f1         Code  Gb  frexp.o [3]
__iar_softfp_frexp       0x800'15f1         Code  Gb  frexp.o [3]
__iar_softfp_frexpl      0x800'15f1         Code  Gb  frexp.o [3]
__iar_ttio_guard_lock    0x800'1dd5   0x1e  Code  Gb  XShttio.o [2]
__iar_ttio_guard_unlock
                         0x800'1df3   0x10  Code  Gb  XShttio.o [2]
__iar_ttio_handles      0x2000'0188    0x8  Data  Lc  XShttio.o [2]
__iar_zero_init3         0x800'11fb   0x3a  Code  Gb  zero_init3.o [4]
__low_level_init         0x800'447f    0x4  Code  Gb  low_level_init.o [2]
__lseek                  0x800'3e39   0x4a  Code  Gb  lseek.o [5]
__vector_table           0x800'0000         Data  Gb  startup_stm32l496xx.o [1]
__write                  0x800'3e83   0x10  Code  Gb  write.o [5]
_call_main               0x800'446d         Code  Gb  cmain.o [4]
_exit                    0x800'4489         Code  Gb  cexit.o [4]
_gLocale_mblen           0x800'11d1    0x4  Code  Gb  xlocale_c.o [2]
_gLocale_mblenInt        0x800'1195   0x2c  Code  Gb  xlocale_c.o [2]
_gLocale_wctomb          0x800'11d5    0x4  Code  Gb  xlocale_c.o [2]
_gLocale_wctombInt       0x800'11cd    0x4  Code  Gb  xlocale_c.o [2]
_main                    0x800'447b         Code  Gb  cmain.o [4]
abort                    0x800'1bcb    0x6  Code  Gb  abort.o [2]
ebuf                    0x2000'0698   0x50  Data  Lc  xfiles.o [2]
exit                     0x800'4483    0x4  Code  Gb  exit.o [2]
fclose                   0x800'41f9   0x7e  Code  Gb  fclose.o [2]
fflush                   0x800'3df5   0x34  Code  Gb  fflush.o [2]
fflushOne                0x800'3d81   0x74  Code  Lc  fflush.o [2]
fputc                    0x800'4301   0x54  Code  Gb  fputc.o [2]
free                     0x800'41f5    0x4  Code  Gb  heaptramp0.o [2]
fseek                    0x800'4145   0x24  Code  Gb  fseek.o [2]
hlpuart1                0x2000'0598   0x80  Data  Gb  usart.o [1]
hpcd_USB_OTG_FS         0x2000'0190  0x408  Data  Gb  usb_otg.o [1]
i                       0x2000'073c    0x4  Data  Gb  main.o [1]
ldexp                    0x800'16c1         Code  Gb  ldexp.o [3]
ldexpl                   0x800'16c1         Code  Gb  ldexp.o [3]
localeconv               0x800'11d9    0x4  Code  Gb  xlocale_c.o [2]
main                     0x800'31c5   0x70  Code  Gb  main.o [1]
memchr                   0x800'12c9         Code  Gb  memchr.o [4]
obuf                    0x2000'06e8   0x50  Data  Lc  xfiles.o [2]
printf                   0x800'36f5   0x28  Code  Gb  printf.o [2]
putchar                  0x800'44ad    0xc  Code  Gb  putchar.o [2]
remove                   0x800'428f   0x14  Code  Gb  remove.o [5]
sFileInfo               0x2000'0618   0x80  Data  Lc  XShHandles.o [2]
scalbln                  0x800'16c1         Code  Gb  ldexp.o [3]
scalblnl                 0x800'16c1         Code  Gb  ldexp.o [3]
scalbn                   0x800'16c1         Code  Gb  ldexp.o [3]
scalbnl                  0x800'16c1         Code  Gb  ldexp.o [3]
scale                    0x800'0983   0x46  Code  Lc  xprintffull.o [2]
sec_hand                0x2000'0748    0x4  Data  Lc  xfail_s.o [2]
strchr                   0x800'11e5         Code  Gb  strchr.o [4]
strlen                   0x800'1275         Code  Gb  strlen.o [4]
ttio_guard              0x2000'0750    0x1  Data  Lc  XShttio.o [2]
uwTick                  0x2000'0004    0x4  Data  Gb  stm32l4xx_hal.o [1]
uwTickFreq              0x2000'0000    0x1  Data  Gb  stm32l4xx_hal.o [1]
uwTickPrio              0x2000'0008    0x4  Data  Gb  stm32l4xx_hal.o [1]


[1] = D:\TEST\STM32CUBE\SysTick_Print\EWARM\SysTick_Print\Obj
[2] = dl7M_tlf.a
[3] = m7M_tls.a
[4] = rt7M_tl.a
[5] = shb_l.a

  17 692 bytes of readonly  code memory
     443 bytes of readonly  data memory
   3 409 bytes of readwrite data memory

Errors: none
Warnings: none
