###############################################################################
#
# IAR ELF Linker V8.32.1.169/W32 for ARM                  22/Sep/2020  18:30:55
# Copyright 2007-2018 IAR Systems AB.
#
#    Output file  =  D:\TEST\SysTick_LED\EWARM\SysTick_LED\Exe\SysTick_LED.out
#    Map file     =  D:\TEST\SysTick_LED\EWARM\SysTick_LED\List\SysTick_LED.map
#    Command line =  
#        -f C:\Users\User\AppData\Local\Temp\EW5EB5.tmp
#        (D:\TEST\SysTick_LED\EWARM\SysTick_LED\Obj\gpio.o
#        D:\TEST\SysTick_LED\EWARM\SysTick_LED\Obj\main.o
#        D:\TEST\SysTick_LED\EWARM\SysTick_LED\Obj\startup_stm32l496xx.o
#        D:\TEST\SysTick_LED\EWARM\SysTick_LED\Obj\stm32l4xx_hal.o
#        D:\TEST\SysTick_LED\EWARM\SysTick_LED\Obj\stm32l4xx_hal_cortex.o
#        D:\TEST\SysTick_LED\EWARM\SysTick_LED\Obj\stm32l4xx_hal_dma.o
#        D:\TEST\SysTick_LED\EWARM\SysTick_LED\Obj\stm32l4xx_hal_dma_ex.o
#        D:\TEST\SysTick_LED\EWARM\SysTick_LED\Obj\stm32l4xx_hal_exti.o
#        D:\TEST\SysTick_LED\EWARM\SysTick_LED\Obj\stm32l4xx_hal_flash.o
#        D:\TEST\SysTick_LED\EWARM\SysTick_LED\Obj\stm32l4xx_hal_flash_ex.o
#        D:\TEST\SysTick_LED\EWARM\SysTick_LED\Obj\stm32l4xx_hal_flash_ramfunc.o
#        D:\TEST\SysTick_LED\EWARM\SysTick_LED\Obj\stm32l4xx_hal_gpio.o
#        D:\TEST\SysTick_LED\EWARM\SysTick_LED\Obj\stm32l4xx_hal_i2c.o
#        D:\TEST\SysTick_LED\EWARM\SysTick_LED\Obj\stm32l4xx_hal_i2c_ex.o
#        D:\TEST\SysTick_LED\EWARM\SysTick_LED\Obj\stm32l4xx_hal_msp.o
#        D:\TEST\SysTick_LED\EWARM\SysTick_LED\Obj\stm32l4xx_hal_pcd.o
#        D:\TEST\SysTick_LED\EWARM\SysTick_LED\Obj\stm32l4xx_hal_pcd_ex.o
#        D:\TEST\SysTick_LED\EWARM\SysTick_LED\Obj\stm32l4xx_hal_pwr.o
#        D:\TEST\SysTick_LED\EWARM\SysTick_LED\Obj\stm32l4xx_hal_pwr_ex.o
#        D:\TEST\SysTick_LED\EWARM\SysTick_LED\Obj\stm32l4xx_hal_rcc.o
#        D:\TEST\SysTick_LED\EWARM\SysTick_LED\Obj\stm32l4xx_hal_rcc_ex.o
#        D:\TEST\SysTick_LED\EWARM\SysTick_LED\Obj\stm32l4xx_hal_tim.o
#        D:\TEST\SysTick_LED\EWARM\SysTick_LED\Obj\stm32l4xx_hal_tim_ex.o
#        D:\TEST\SysTick_LED\EWARM\SysTick_LED\Obj\stm32l4xx_hal_uart.o
#        D:\TEST\SysTick_LED\EWARM\SysTick_LED\Obj\stm32l4xx_hal_uart_ex.o
#        D:\TEST\SysTick_LED\EWARM\SysTick_LED\Obj\stm32l4xx_it.o
#        D:\TEST\SysTick_LED\EWARM\SysTick_LED\Obj\stm32l4xx_ll_usb.o
#        D:\TEST\SysTick_LED\EWARM\SysTick_LED\Obj\system_stm32l4xx.o
#        D:\TEST\SysTick_LED\EWARM\SysTick_LED\Obj\usart.o
#        D:\TEST\SysTick_LED\EWARM\SysTick_LED\Obj\usb_otg.o --redirect
#        _Printf=_PrintfFull --redirect _Scanf=_ScanfFull --no_out_extension -o
#        D:\TEST\SysTick_LED\EWARM\SysTick_LED\Exe\SysTick_LED.out --map
#        D:\TEST\SysTick_LED\EWARM\SysTick_LED\List\SysTick_LED.map --config
#        D:\TEST\SysTick_LED\EWARM/stm32l496xx_flash.icf --semihosting --entry
#        __iar_program_start --vfe --text_out locale)
#
###############################################################################

*******************************************************************************
*** RUNTIME MODEL ATTRIBUTES
***

CppFlavor       = *
__SystemLibrary = DLib
__dlib_version  = 6


*******************************************************************************
*** HEAP SELECTION
***

The basic heap was selected because no calls to memory allocation
functions were found in the application outside of system library
functions, and there are calls to deallocation functions in the
application.


*******************************************************************************
*** PLACEMENT SUMMARY
***

"A0":  place at 0x800'0000 { ro section .intvec };
"P1":  place in [from 0x800'0000 to 0x80f'ffff] { ro };
define block CSTACK with size = 1K, alignment = 8 { };
define block HEAP with size = 512, alignment = 8 { };
"P2":  place in [from 0x2000'0000 to 0x2004'ffff] {
          rw, block CSTACK, block HEAP };
initialize by copy { rw };

  Section            Kind         Address    Size  Object
  -------            ----         -------    ----  ------
"A0":                                       0x1ac
  .intvec            ro code   0x800'0000   0x1ac  startup_stm32l496xx.o [1]
                             - 0x800'01ac   0x1ac

"P1":                                      0x223c
  .text              ro code   0x800'01ac   0x794  stm32l4xx_hal_rcc.o [1]
  .text              ro code   0x800'0940    0x44  stm32l4xx_hal.o [1]
  .text              ro code   0x800'0984     0xc  stm32l4xx_hal.o [1]
  .text              ro code   0x800'0990    0xa8  stm32l4xx_hal_pwr_ex.o [1]
  .text              ro code   0x800'0a38    0xb2  stm32l4xx_hal_cortex.o [1]
  .text              ro code   0x800'0aea    0x3a  zero_init3.o [4]
  .text              ro code   0x800'0b24   0x560  stm32l4xx_hal_rcc_ex.o [1]
  .text              ro code   0x800'1084   0x466  stm32l4xx_hal_uart.o [1]
  .text              ro code   0x800'14ec    0xac  usart.o [1]
  .text              ro code   0x800'1598   0x106  I64DivMod_small.o [4]
  .text              ro code   0x800'16a0    0xf6  main.o [1]
  .text              ro code   0x800'1798     0x6  ABImemclr4.o [4]
  .text              ro code   0x800'17a0   0x1ec  stm32l4xx_hal_gpio.o [1]
  .text              ro code   0x800'198c     0x2  I64DivZer.o [4]
  .text              ro code   0x800'1990    0x1e  stm32l4xx_hal.o [1]
  .text              ro code   0x800'19b0   0x108  gpio.o [1]
  .text              ro code   0x800'1ab8    0xe8  usb_otg.o [1]
  .text              ro code   0x800'1ba0    0x18  ABImemcpy_small.o [4]
  .text              ro code   0x800'1bb8    0x10  stm32l4xx_hal_pwr.o [1]
  .text              ro code   0x800'1bc8    0x32  ABImemset48.o [4]
  .text              ro code   0x800'1bfc    0x30  stm32l4xx_hal_msp.o [1]
  .text              ro code   0x800'1c2c    0xdc  stm32l4xx_hal_pcd.o [1]
  .text              ro code   0x800'1d08   0x280  stm32l4xx_ll_usb.o [1]
  .text              ro code   0x800'1f88    0x26  stm32l4xx_hal_pcd_ex.o [1]
  .text              ro code   0x800'1fb0    0x28  stm32l4xx_hal.o [1]
  .rodata            const     0x800'1fd8    0xd0  main.o [1]
  .text              ro code   0x800'20a8    0x5c  system_stm32l4xx.o [1]
  .rodata            const     0x800'2104    0x30  system_stm32l4xx.o [1]
  .text              ro code   0x800'2134    0x2c  copy_init3.o [4]
  .text              ro code   0x800'2160    0x28  data_init.o [4]
  .text              ro code   0x800'2188    0x22  stm32l4xx_it.o [1]
  .text              ro code   0x800'21ac    0x10  stm32l4xx_hal.o [1]
  .text              ro code   0x800'21bc    0x22  fpinit_M.o [3]
  .iar.init_table    const     0x800'21e0    0x24  - Linker created -
  .text              ro code   0x800'2204    0x1e  cmain.o [4]
  .text              ro code   0x800'2222     0x4  low_level_init.o [2]
  .text              ro code   0x800'2226     0x4  exit.o [2]
  .text              ro code   0x800'222c     0xa  cexit.o [4]
  .text              ro code   0x800'2238    0x14  exit.o [5]
  .text              ro code   0x800'224c    0x10  startup_stm32l496xx.o [1]
  Initializer bytes  const     0x800'225c    0x10  <for P2-1>
  .text              ro code   0x800'226c     0xc  cstartup_M.o [4]
  .rodata            const     0x800'2278     0x8  system_stm32l4xx.o [1]
  .text              ro code   0x800'2280     0x4  startup_stm32l496xx.o [1]
  .text              ro code   0x800'2284     0x4  startup_stm32l496xx.o [1]
  .text              ro code   0x800'2288     0x4  startup_stm32l496xx.o [1]
  .text              ro code   0x800'228c     0x4  startup_stm32l496xx.o [1]
  .text              ro code   0x800'2290     0x4  startup_stm32l496xx.o [1]
  .text              ro code   0x800'2294     0x4  startup_stm32l496xx.o [1]
  .text              ro code   0x800'2298     0x4  startup_stm32l496xx.o [1]
  .text              ro code   0x800'229c     0x4  startup_stm32l496xx.o [1]
  .text              ro code   0x800'22a0     0x4  startup_stm32l496xx.o [1]
  .text              ro code   0x800'22a4     0x4  startup_stm32l496xx.o [1]
  .text              ro code   0x800'22a8     0x4  startup_stm32l496xx.o [1]
  .text              ro code   0x800'22ac     0x4  startup_stm32l496xx.o [1]
  .text              ro code   0x800'22b0     0x4  startup_stm32l496xx.o [1]
  .text              ro code   0x800'22b4     0x4  startup_stm32l496xx.o [1]
  .text              ro code   0x800'22b8     0x4  startup_stm32l496xx.o [1]
  .text              ro code   0x800'22bc     0x4  startup_stm32l496xx.o [1]
  .text              ro code   0x800'22c0     0x4  startup_stm32l496xx.o [1]
  .text              ro code   0x800'22c4     0x4  startup_stm32l496xx.o [1]
  .text              ro code   0x800'22c8     0x4  startup_stm32l496xx.o [1]
  .text              ro code   0x800'22cc     0x4  startup_stm32l496xx.o [1]
  .text              ro code   0x800'22d0     0x4  startup_stm32l496xx.o [1]
  .text              ro code   0x800'22d4     0x4  startup_stm32l496xx.o [1]
  .text              ro code   0x800'22d8     0x4  startup_stm32l496xx.o [1]
  .text              ro code   0x800'22dc     0x4  startup_stm32l496xx.o [1]
  .text              ro code   0x800'22e0     0x4  startup_stm32l496xx.o [1]
  .text              ro code   0x800'22e4     0x4  startup_stm32l496xx.o [1]
  .text              ro code   0x800'22e8     0x4  startup_stm32l496xx.o [1]
  .text              ro code   0x800'22ec     0x4  startup_stm32l496xx.o [1]
  .text              ro code   0x800'22f0     0x4  startup_stm32l496xx.o [1]
  .text              ro code   0x800'22f4     0x4  startup_stm32l496xx.o [1]
  .text              ro code   0x800'22f8     0x4  startup_stm32l496xx.o [1]
  .text              ro code   0x800'22fc     0x4  startup_stm32l496xx.o [1]
  .text              ro code   0x800'2300     0x4  startup_stm32l496xx.o [1]
  .text              ro code   0x800'2304     0x4  startup_stm32l496xx.o [1]
  .text              ro code   0x800'2308     0x4  startup_stm32l496xx.o [1]
  .text              ro code   0x800'230c     0x4  startup_stm32l496xx.o [1]
  .text              ro code   0x800'2310     0x4  startup_stm32l496xx.o [1]
  .text              ro code   0x800'2314     0x4  startup_stm32l496xx.o [1]
  .text              ro code   0x800'2318     0x4  startup_stm32l496xx.o [1]
  .text              ro code   0x800'231c     0x4  startup_stm32l496xx.o [1]
  .text              ro code   0x800'2320     0x4  startup_stm32l496xx.o [1]
  .text              ro code   0x800'2324     0x4  startup_stm32l496xx.o [1]
  .text              ro code   0x800'2328     0x4  startup_stm32l496xx.o [1]
  .text              ro code   0x800'232c     0x4  startup_stm32l496xx.o [1]
  .text              ro code   0x800'2330     0x4  startup_stm32l496xx.o [1]
  .text              ro code   0x800'2334     0x4  startup_stm32l496xx.o [1]
  .text              ro code   0x800'2338     0x4  startup_stm32l496xx.o [1]
  .text              ro code   0x800'233c     0x4  startup_stm32l496xx.o [1]
  .text              ro code   0x800'2340     0x4  startup_stm32l496xx.o [1]
  .text              ro code   0x800'2344     0x4  startup_stm32l496xx.o [1]
  .text              ro code   0x800'2348     0x4  startup_stm32l496xx.o [1]
  .text              ro code   0x800'234c     0x4  startup_stm32l496xx.o [1]
  .text              ro code   0x800'2350     0x4  startup_stm32l496xx.o [1]
  .text              ro code   0x800'2354     0x4  startup_stm32l496xx.o [1]
  .text              ro code   0x800'2358     0x4  startup_stm32l496xx.o [1]
  .text              ro code   0x800'235c     0x4  startup_stm32l496xx.o [1]
  .text              ro code   0x800'2360     0x4  startup_stm32l496xx.o [1]
  .text              ro code   0x800'2364     0x4  startup_stm32l496xx.o [1]
  .text              ro code   0x800'2368     0x4  startup_stm32l496xx.o [1]
  .text              ro code   0x800'236c     0x4  startup_stm32l496xx.o [1]
  .text              ro code   0x800'2370     0x4  startup_stm32l496xx.o [1]
  .text              ro code   0x800'2374     0x4  startup_stm32l496xx.o [1]
  .text              ro code   0x800'2378     0x4  startup_stm32l496xx.o [1]
  .text              ro code   0x800'237c     0x4  startup_stm32l496xx.o [1]
  .text              ro code   0x800'2380     0x4  startup_stm32l496xx.o [1]
  .text              ro code   0x800'2384     0x4  startup_stm32l496xx.o [1]
  .text              ro code   0x800'2388     0x4  startup_stm32l496xx.o [1]
  .text              ro code   0x800'238c     0x4  startup_stm32l496xx.o [1]
  .text              ro code   0x800'2390     0x4  startup_stm32l496xx.o [1]
  .text              ro code   0x800'2394     0x4  startup_stm32l496xx.o [1]
  .text              ro code   0x800'2398     0x4  startup_stm32l496xx.o [1]
  .text              ro code   0x800'239c     0x4  startup_stm32l496xx.o [1]
  .text              ro code   0x800'23a0     0x4  startup_stm32l496xx.o [1]
  .text              ro code   0x800'23a4     0x4  startup_stm32l496xx.o [1]
  .text              ro code   0x800'23a8     0x4  startup_stm32l496xx.o [1]
  .text              ro code   0x800'23ac     0x4  startup_stm32l496xx.o [1]
  .text              ro code   0x800'23b0     0x4  startup_stm32l496xx.o [1]
  .text              ro code   0x800'23b4     0x4  startup_stm32l496xx.o [1]
  .text              ro code   0x800'23b8     0x4  startup_stm32l496xx.o [1]
  .text              ro code   0x800'23bc     0x4  startup_stm32l496xx.o [1]
  .text              ro code   0x800'23c0     0x4  startup_stm32l496xx.o [1]
  .text              ro code   0x800'23c4     0x4  startup_stm32l496xx.o [1]
  .text              ro code   0x800'23c8     0x4  startup_stm32l496xx.o [1]
  .text              ro code   0x800'23cc     0x4  startup_stm32l496xx.o [1]
  .text              ro code   0x800'23d0     0x4  startup_stm32l496xx.o [1]
  .text              ro code   0x800'23d4     0x4  startup_stm32l496xx.o [1]
  .text              ro code   0x800'23d8     0x4  startup_stm32l496xx.o [1]
  .text              ro code   0x800'23dc     0x4  startup_stm32l496xx.o [1]
  .text              ro code   0x800'23e0     0x4  startup_stm32l496xx.o [1]
  .text              ro code   0x800'23e4     0x4  startup_stm32l496xx.o [1]
  .rodata            const     0x800'23e8     0x0  zero_init3.o [4]
  .rodata            const     0x800'23e8     0x0  copy_init3.o [4]
                             - 0x800'23e8  0x223c

"P2", part 1 of 3:                           0x10
  P2-1                        0x2000'0000    0x10  <Init block>
    .data            inited   0x2000'0000     0xc  stm32l4xx_hal.o [1]
    .data            inited   0x2000'000c     0x4  system_stm32l4xx.o [1]
                            - 0x2000'0010    0x10

"P2", part 2 of 3:                          0x488
  .bss               zero     0x2000'0010   0x408  usb_otg.o [1]
  .bss               zero     0x2000'0418    0x80  usart.o [1]
                            - 0x2000'0498   0x488

"P2", part 3 of 3:                          0x400
  CSTACK                      0x2000'0498   0x400  <Block>
    CSTACK           uninit   0x2000'0498   0x400  <Block tail>
                            - 0x2000'0898   0x400

Unused ranges:

         From           To      Size
         ----           --      ----
   0x800'23e8   0x80f'ffff  0xf'dc18
  0x2000'0898  0x2004'ffff  0x4'f768


*******************************************************************************
*** INIT TABLE
***

          Address      Size
          -------      ----
Zero (__iar_zero_init3)
    1 destination range, total size 0x488:
          0x2000'0010  0x488

Copy (__iar_copy_init3)
    1 source range, total size 0x10:
           0x800'225c   0x10
    1 destination range, total size 0x10:
          0x2000'0000   0x10



*******************************************************************************
*** MODULE SUMMARY
***

    Module                  ro code  ro data  rw data
    ------                  -------  -------  -------
command line/config:
    -------------------------------------------------
    Total:

D:\TEST\SysTick_LED\EWARM\SysTick_LED\Obj: [1]
    gpio.o                      264
    main.o                      246      208
    startup_stm32l496xx.o       804
    stm32l4xx_hal.o             166       12       12
    stm32l4xx_hal_cortex.o      178
    stm32l4xx_hal_gpio.o        492
    stm32l4xx_hal_msp.o          48
    stm32l4xx_hal_pcd.o         220
    stm32l4xx_hal_pcd_ex.o       38
    stm32l4xx_hal_pwr.o          16
    stm32l4xx_hal_pwr_ex.o      168
    stm32l4xx_hal_rcc.o       1 940
    stm32l4xx_hal_rcc_ex.o    1 376
    stm32l4xx_hal_uart.o      1 126
    stm32l4xx_it.o               34
    stm32l4xx_ll_usb.o          640
    system_stm32l4xx.o           92       60        4
    usart.o                     172               128
    usb_otg.o                   232             1 032
    -------------------------------------------------
    Total:                    8 252      280    1 176

dl7M_tln.a: [2]
    exit.o                        4
    low_level_init.o              4
    -------------------------------------------------
    Total:                        8

m7M_tls.a: [3]
    fpinit_M.o                   34
    -------------------------------------------------
    Total:                       34

rt7M_tl.a: [4]
    ABImemclr4.o                  6
    ABImemcpy_small.o            24
    ABImemset48.o                50
    I64DivMod_small.o           262
    I64DivZer.o                   2
    cexit.o                      10
    cmain.o                      30
    copy_init3.o                 44
    cstartup_M.o                 12
    data_init.o                  40
    zero_init3.o                 58
    -------------------------------------------------
    Total:                      538

shb_l.a: [5]
    exit.o                       20
    -------------------------------------------------
    Total:                       20

    Gaps                         22        2
    Linker created                        36    1 024
-----------------------------------------------------
    Grand Total:              8 874      318    2 200


*******************************************************************************
*** ENTRY LIST
***

Entry                       Address   Size  Type      Object
-----                       -------   ----  ----      ------
.iar.init_table$$Base    0x800'21e0          --   Gb  - Linker created -
.iar.init_table$$Limit   0x800'2204          --   Gb  - Linker created -
?main                    0x800'2205         Code  Gb  cmain.o [4]
AHBPrescTable            0x800'20f4   0x10  Data  Gb  system_stm32l4xx.o [1]
APBPrescTable            0x800'2278    0x8  Data  Gb  system_stm32l4xx.o [1]
BusFault_Handler         0x800'218f    0x2  Code  Gb  stm32l4xx_it.o [1]
CSTACK$$Base            0x2000'0498          --   Gb  - Linker created -
CSTACK$$Limit           0x2000'0898          --   Gb  - Linker created -
DebugMon_Handler         0x800'2195    0x2  Code  Gb  stm32l4xx_it.o [1]
Error_Handler            0x800'1795    0x2  Code  Gb  main.o [1]
HAL_Delay                0x800'1fb1   0x28  Code  Wk  stm32l4xx_hal.o [1]
HAL_GPIO_Init            0x800'17a1  0x1aa  Code  Gb  stm32l4xx_hal_gpio.o [1]
HAL_GPIO_TogglePin       0x800'1955   0x10  Code  Gb  stm32l4xx_hal_gpio.o [1]
HAL_GPIO_WritePin        0x800'194b    0xa  Code  Gb  stm32l4xx_hal_gpio.o [1]
HAL_GetTick              0x800'0985    0xc  Code  Wk  stm32l4xx_hal.o [1]
HAL_IncTick              0x800'21ad   0x10  Code  Wk  stm32l4xx_hal.o [1]
HAL_Init                 0x800'1991   0x1e  Code  Gb  stm32l4xx_hal.o [1]
HAL_InitTick             0x800'0941   0x44  Code  Wk  stm32l4xx_hal.o [1]
HAL_MspInit              0x800'1bfd   0x30  Code  Gb  stm32l4xx_hal_msp.o [1]
HAL_NVIC_SetPriority     0x800'0a6d   0x3a  Code  Gb  stm32l4xx_hal_cortex.o [1]
HAL_NVIC_SetPriorityGrouping
                         0x800'0a53   0x1a  Code  Gb  stm32l4xx_hal_cortex.o [1]
HAL_PCDEx_ActivateLPM    0x800'1f89   0x26  Code  Gb  stm32l4xx_hal_pcd_ex.o [1]
HAL_PCD_Init             0x800'1c2d   0xc4  Code  Gb  stm32l4xx_hal_pcd.o [1]
HAL_PCD_MspInit          0x800'1af1   0x9a  Code  Gb  usb_otg.o [1]
HAL_PWREx_ControlVoltageScaling
                         0x800'099d   0x5e  Code  Gb  stm32l4xx_hal_pwr_ex.o [1]
HAL_PWREx_EnableVddIO2   0x800'0a01    0xe  Code  Gb  stm32l4xx_hal_pwr_ex.o [1]
HAL_PWREx_EnableVddUSB   0x800'09fb    0x6  Code  Gb  stm32l4xx_hal_pwr_ex.o [1]
HAL_PWREx_GetVoltageRange
                         0x800'0991    0xc  Code  Gb  stm32l4xx_hal_pwr_ex.o [1]
HAL_PWR_EnableBkUpAccess
                         0x800'1bb9    0xc  Code  Gb  stm32l4xx_hal_pwr.o [1]
HAL_RCCEx_EnableMSIPLLMode
                         0x800'0e81    0xe  Code  Gb  stm32l4xx_hal_rcc_ex.o [1]
HAL_RCCEx_PeriphCLKConfig
                         0x800'0b25  0x340  Code  Gb  stm32l4xx_hal_rcc_ex.o [1]
HAL_RCC_ClockConfig      0x800'06b7  0x100  Code  Gb  stm32l4xx_hal_rcc.o [1]
HAL_RCC_GetHCLKFreq      0x800'085d    0x6  Code  Gb  stm32l4xx_hal_rcc.o [1]
HAL_RCC_GetPCLK1Freq     0x800'0863   0x10  Code  Gb  stm32l4xx_hal_rcc.o [1]
HAL_RCC_GetPCLK2Freq     0x800'0873    0xe  Code  Gb  stm32l4xx_hal_rcc.o [1]
HAL_RCC_GetSysClockFreq
                         0x800'07cb   0x92  Code  Gb  stm32l4xx_hal_rcc.o [1]
HAL_RCC_OscConfig        0x800'01ad  0x4de  Code  Gb  stm32l4xx_hal_rcc.o [1]
HAL_SYSTICK_Config       0x800'0aa9   0x28  Code  Gb  stm32l4xx_hal_cortex.o [1]
HAL_SYSTICK_IRQHandler   0x800'0ad1    0x4  Code  Gb  stm32l4xx_hal_cortex.o [1]
HAL_UART_Init            0x800'1085   0x30  Code  Gb  stm32l4xx_hal_uart.o [1]
HAL_UART_MspInit         0x800'1521   0x62  Code  Gb  usart.o [1]
HardFault_Handler        0x800'218b    0x2  Code  Gb  stm32l4xx_it.o [1]
MSIRangeTable            0x800'2104   0x30  Data  Gb  system_stm32l4xx.o [1]
MX_GPIO_Init             0x800'19b1   0xe4  Code  Gb  gpio.o [1]
MX_LPUART1_UART_Init     0x800'14ed   0x34  Code  Gb  usart.o [1]
MX_USB_OTG_FS_PCD_Init   0x800'1ab9   0x38  Code  Gb  usb_otg.o [1]
MemManage_Handler        0x800'218d    0x2  Code  Gb  stm32l4xx_it.o [1]
NMI_Handler              0x800'2189    0x2  Code  Gb  stm32l4xx_it.o [1]
PendSV_Handler           0x800'2197    0x2  Code  Gb  stm32l4xx_it.o [1]
RCCEx_PLLSAI1_Config     0x800'0e9d   0xc8  Code  Lc  stm32l4xx_hal_rcc_ex.o [1]
RCCEx_PLLSAI2_Config     0x800'0f65   0xac  Code  Lc  stm32l4xx_hal_rcc_ex.o [1]
RCC_SetFlashLatencyFromMSIRange
                         0x800'088b   0x74  Code  Lc  stm32l4xx_hal_rcc.o [1]
Region$$Table$$Base      0x800'21e0          --   Gb  - Linker created -
Region$$Table$$Limit     0x800'2204          --   Gb  - Linker created -
SVC_Handler              0x800'2193    0x2  Code  Gb  stm32l4xx_it.o [1]
SysTick_Handler          0x800'2199   0x12  Code  Gb  stm32l4xx_it.o [1]
SysTick_Test             0x800'1781    0x8  Code  Gb  main.o [1]
SystemClock_Config       0x800'16c7   0xba  Code  Gb  main.o [1]
SystemCoreClock         0x2000'000c    0x4  Data  Gb  system_stm32l4xx.o [1]
SystemInit               0x800'20a9   0x3c  Code  Gb  system_stm32l4xx.o [1]
UART_AdvFeatureConfig    0x800'133d   0xc6  Code  Gb  stm32l4xx_hal_uart.o [1]
UART_CheckIdleState      0x800'1403   0x5a  Code  Gb  stm32l4xx_hal_uart.o [1]
UART_SetConfig           0x800'1105  0x210  Code  Gb  stm32l4xx_hal_uart.o [1]
UART_WaitOnFlagUntilTimeout
                         0x800'145d   0x78  Code  Gb  stm32l4xx_hal_uart.o [1]
USB_CoreInit             0x800'1d09   0x62  Code  Gb  stm32l4xx_ll_usb.o [1]
USB_CoreReset            0x800'1f53   0x2a  Code  Lc  stm32l4xx_ll_usb.o [1]
USB_DevDisconnect        0x800'1f37   0x16  Code  Gb  stm32l4xx_ll_usb.o [1]
USB_DevInit              0x800'1da5  0x14a  Code  Gb  stm32l4xx_ll_usb.o [1]
USB_DisableGlobalInt     0x800'1d6b    0x6  Code  Gb  stm32l4xx_ll_usb.o [1]
USB_FlushRxFifo          0x800'1f0d   0x1a  Code  Gb  stm32l4xx_ll_usb.o [1]
USB_FlushTxFifo          0x800'1eef   0x1e  Code  Gb  stm32l4xx_ll_usb.o [1]
USB_SetCurrentMode       0x800'1d77   0x2e  Code  Gb  stm32l4xx_ll_usb.o [1]
USB_SetDevSpeed          0x800'1f27    0xa  Code  Gb  stm32l4xx_ll_usb.o [1]
UsageFault_Handler       0x800'2191    0x2  Code  Gb  stm32l4xx_it.o [1]
__NVIC_SetPriority       0x800'0a39   0x1a  Code  Lc  stm32l4xx_hal_cortex.o [1]
__aeabi_ldiv0            0x800'198d         Code  Gb  I64DivZer.o [4]
__aeabi_memclr4          0x800'1799         Code  Gb  ABImemclr4.o [4]
__cmain                  0x800'2205         Code  Gb  cmain.o [4]
__exit                   0x800'2239   0x14  Code  Gb  exit.o [5]
__iar_Memset4_word       0x800'1bc9         Code  Gb  ABImemset48.o [4]
__iar_Memset8_word       0x800'1bc9         Code  Gb  ABImemset48.o [4]
__iar_copy_init3         0x800'2135   0x2c  Code  Gb  copy_init3.o [4]
__iar_data_init3         0x800'2161   0x28  Code  Gb  data_init.o [4]
__iar_init_vfp           0x800'21bd         Code  Gb  fpinit_M.o [3]
__iar_program_start      0x800'226d         Code  Gb  cstartup_M.o [4]
__iar_small_Memcpy       0x800'1ba5         Code  Gb  ABImemcpy_small.o [4]
__iar_small_memcpy       0x800'1ba1         Code  Gb  ABImemcpy_small.o [4]
__iar_small_memcpy4      0x800'1ba1         Code  Gb  ABImemcpy_small.o [4]
__iar_small_memcpy8      0x800'1ba1         Code  Gb  ABImemcpy_small.o [4]
__iar_small_uldivmod     0x800'1599         Code  Gb  I64DivMod_small.o [4]
__iar_zero_init3         0x800'0aeb   0x3a  Code  Gb  zero_init3.o [4]
__low_level_init         0x800'2223    0x4  Code  Gb  low_level_init.o [2]
__vector_table           0x800'0000         Data  Gb  startup_stm32l496xx.o [1]
_call_main               0x800'2211         Code  Gb  cmain.o [4]
_exit                    0x800'222d         Code  Gb  cexit.o [4]
_main                    0x800'221f         Code  Gb  cmain.o [4]
exit                     0x800'2227    0x4  Code  Gb  exit.o [2]
hlpuart1                0x2000'0418   0x80  Data  Gb  usart.o [1]
hpcd_USB_OTG_FS         0x2000'0010  0x408  Data  Gb  usb_otg.o [1]
main                     0x800'16a1   0x26  Code  Gb  main.o [1]
uwTick                  0x2000'0004    0x4  Data  Gb  stm32l4xx_hal.o [1]
uwTickFreq              0x2000'0000    0x1  Data  Gb  stm32l4xx_hal.o [1]
uwTickPrio              0x2000'0008    0x4  Data  Gb  stm32l4xx_hal.o [1]


[1] = D:\TEST\SysTick_LED\EWARM\SysTick_LED\Obj
[2] = dl7M_tln.a
[3] = m7M_tls.a
[4] = rt7M_tl.a
[5] = shb_l.a

  8 874 bytes of readonly  code memory
    318 bytes of readonly  data memory
  2 200 bytes of readwrite data memory

Errors: none
Warnings: none
