###############################################################################
#
# IAR ELF Linker V8.32.1.169/W32 for ARM                  23/Sep/2020  15:11:42
# Copyright 2007-2018 IAR Systems AB.
#
#    Output file  =  D:\TEST\STM32CUBE\Test_SWO\EWARM\Test_SWO\Exe\Test_SWO.out
#    Map file     =  
#        D:\TEST\STM32CUBE\Test_SWO\EWARM\Test_SWO\List\Test_SWO.map
#    Command line =  
#        -f C:\Users\User\AppData\Local\Temp\EW598A.tmp
#        (D:\TEST\STM32CUBE\Test_SWO\EWARM\Test_SWO\Obj\gpio.o
#        D:\TEST\STM32CUBE\Test_SWO\EWARM\Test_SWO\Obj\main.o
#        D:\TEST\STM32CUBE\Test_SWO\EWARM\Test_SWO\Obj\startup_stm32l496xx.o
#        D:\TEST\STM32CUBE\Test_SWO\EWARM\Test_SWO\Obj\stm32l4xx_hal.o
#        D:\TEST\STM32CUBE\Test_SWO\EWARM\Test_SWO\Obj\stm32l4xx_hal_cortex.o
#        D:\TEST\STM32CUBE\Test_SWO\EWARM\Test_SWO\Obj\stm32l4xx_hal_dma.o
#        D:\TEST\STM32CUBE\Test_SWO\EWARM\Test_SWO\Obj\stm32l4xx_hal_dma_ex.o
#        D:\TEST\STM32CUBE\Test_SWO\EWARM\Test_SWO\Obj\stm32l4xx_hal_exti.o
#        D:\TEST\STM32CUBE\Test_SWO\EWARM\Test_SWO\Obj\stm32l4xx_hal_flash.o
#        D:\TEST\STM32CUBE\Test_SWO\EWARM\Test_SWO\Obj\stm32l4xx_hal_flash_ex.o
#        D:\TEST\STM32CUBE\Test_SWO\EWARM\Test_SWO\Obj\stm32l4xx_hal_flash_ramfunc.o
#        D:\TEST\STM32CUBE\Test_SWO\EWARM\Test_SWO\Obj\stm32l4xx_hal_gpio.o
#        D:\TEST\STM32CUBE\Test_SWO\EWARM\Test_SWO\Obj\stm32l4xx_hal_i2c.o
#        D:\TEST\STM32CUBE\Test_SWO\EWARM\Test_SWO\Obj\stm32l4xx_hal_i2c_ex.o
#        D:\TEST\STM32CUBE\Test_SWO\EWARM\Test_SWO\Obj\stm32l4xx_hal_msp.o
#        D:\TEST\STM32CUBE\Test_SWO\EWARM\Test_SWO\Obj\stm32l4xx_hal_pcd.o
#        D:\TEST\STM32CUBE\Test_SWO\EWARM\Test_SWO\Obj\stm32l4xx_hal_pcd_ex.o
#        D:\TEST\STM32CUBE\Test_SWO\EWARM\Test_SWO\Obj\stm32l4xx_hal_pwr.o
#        D:\TEST\STM32CUBE\Test_SWO\EWARM\Test_SWO\Obj\stm32l4xx_hal_pwr_ex.o
#        D:\TEST\STM32CUBE\Test_SWO\EWARM\Test_SWO\Obj\stm32l4xx_hal_rcc.o
#        D:\TEST\STM32CUBE\Test_SWO\EWARM\Test_SWO\Obj\stm32l4xx_hal_rcc_ex.o
#        D:\TEST\STM32CUBE\Test_SWO\EWARM\Test_SWO\Obj\stm32l4xx_hal_tim.o
#        D:\TEST\STM32CUBE\Test_SWO\EWARM\Test_SWO\Obj\stm32l4xx_hal_tim_ex.o
#        D:\TEST\STM32CUBE\Test_SWO\EWARM\Test_SWO\Obj\stm32l4xx_hal_uart.o
#        D:\TEST\STM32CUBE\Test_SWO\EWARM\Test_SWO\Obj\stm32l4xx_hal_uart_ex.o
#        D:\TEST\STM32CUBE\Test_SWO\EWARM\Test_SWO\Obj\stm32l4xx_it.o
#        D:\TEST\STM32CUBE\Test_SWO\EWARM\Test_SWO\Obj\stm32l4xx_ll_usb.o
#        D:\TEST\STM32CUBE\Test_SWO\EWARM\Test_SWO\Obj\system_stm32l4xx.o
#        D:\TEST\STM32CUBE\Test_SWO\EWARM\Test_SWO\Obj\usart.o
#        D:\TEST\STM32CUBE\Test_SWO\EWARM\Test_SWO\Obj\usb_otg.o --redirect
#        _Printf=_PrintfFull --redirect _Scanf=_ScanfFull --no_out_extension -o
#        D:\TEST\STM32CUBE\Test_SWO\EWARM\Test_SWO\Exe\Test_SWO.out --map
#        D:\TEST\STM32CUBE\Test_SWO\EWARM\Test_SWO\List\Test_SWO.map --config
#        D:\TEST\STM32CUBE\Test_SWO\EWARM/stm32l496xx_flash.icf --semihosting
#        --entry __iar_program_start --redirect
#        __iar_sh_stdout=__iar_sh_stdout_swo --vfe --text_out locale)
#
###############################################################################

*******************************************************************************
*** RUNTIME MODEL ATTRIBUTES
***

CppFlavor       = *
__Heap_Handler  = Basic
__SystemLibrary = DLib
__dlib_version  = 6


*******************************************************************************
*** HEAP SELECTION
***

The basic heap was selected because no calls to memory allocation
functions were found in the application outside of system library
functions, and there are calls to deallocation functions in the
application.


*******************************************************************************
*** PLACEMENT SUMMARY
***

"A0":  place at 0x800'0000 { ro section .intvec };
"P1":  place in [from 0x800'0000 to 0x80f'ffff] { ro };
define block CSTACK with size = 1K, alignment = 8 { };
define block HEAP with size = 512, alignment = 8 { };
"P2":  place in [from 0x2000'0000 to 0x2004'ffff] {
          rw, block CSTACK, block HEAP };
initialize by copy { rw };

  Section            Kind         Address    Size  Object
  -------            ----         -------    ----  ------
"A0":                                       0x1ac
  .intvec            ro code   0x800'0000   0x1ac  startup_stm32l496xx.o [1]
                             - 0x800'01ac   0x1ac

"P1":                                      0x4429
  .text              ro code   0x800'01ac   0xf46  xprintffull.o [2]
  .text              ro code   0x800'10f2    0x7a  lz77_init_single.o [4]
  .text              ro code   0x800'116c    0x78  xlocale_c.o [2]
  .text              ro code   0x800'11e4    0x16  strchr.o [4]
  .text              ro code   0x800'11fa    0x3a  zero_init3.o [4]
  .text              ro code   0x800'1234    0x40  xfail_s.o [2]
  .text              ro code   0x800'1274    0x36  strlen.o [4]
  .text              ro code   0x800'12aa    0x1e  xencoding_8859_1.o [2]
  .text              ro code   0x800'12c8    0x58  memchr.o [4]
  .text              ro code   0x800'1320     0xa  xmbcurmax.o [2]
  .text              ro code   0x800'132c    0x18  ABImemcpy_small.o [4]
  .text              ro code   0x800'1344   0x106  I64DivMod_small.o [4]
  .text              ro code   0x800'144c   0x1a2  DblMul.o [3]
  .text              ro code   0x800'15f0    0x70  frexp.o [3]
  .text              ro code   0x800'1660    0x2e  DblCmpLe.o [3]
  .text              ro code   0x800'1690    0x2e  DblCmpGe.o [3]
  .text              ro code   0x800'16c0   0x13a  ldexp.o [3]
  .text              ro code   0x800'17fc    0x3a  DblToS32.o [3]
  .text              ro code   0x800'1838    0x22  S32ToDbl.o [3]
  .text              ro code   0x800'185c    0xe2  DblSub.o [3]
  .text              ro code   0x800'1940   0x246  DblDiv.o [3]
  .text              ro code   0x800'1b88    0x28  DblToU32.o [3]
  .text              ro code   0x800'1bb0    0x1a  U32ToDbl.o [3]
  .text              ro code   0x800'1bca     0x6  abort.o [2]
  .text              ro code   0x800'1bd0     0x2  I64DivZer.o [4]
  .text              ro code   0x800'1bd4   0x16a  DblAdd.o [3]
  .text              ro code   0x800'1d40    0x14  exit.o [5]
  .text              ro code   0x800'1d54   0x78c  stm32l4xx_hal_rcc.o [1]
  .text              ro code   0x800'24e0    0x44  stm32l4xx_hal.o [1]
  .text              ro code   0x800'2524     0xc  stm32l4xx_hal.o [1]
  .text              ro code   0x800'2530    0xa8  stm32l4xx_hal_pwr_ex.o [1]
  .text              ro code   0x800'25d8    0xac  stm32l4xx_hal_cortex.o [1]
  .text              ro code   0x800'2684   0x560  stm32l4xx_hal_rcc_ex.o [1]
  .text              ro code   0x800'2be4   0x466  stm32l4xx_hal_uart.o [1]
  .text              ro code   0x800'304c    0xac  usart.o [1]
  .text              ro code   0x800'30f8    0xfc  main.o [1]
  .text              ro code   0x800'31f4     0x6  ABImemclr4.o [4]
  .text              ro code   0x800'31fc   0x1dc  stm32l4xx_hal_gpio.o [1]
  .text              ro code   0x800'33d8    0x1e  stm32l4xx_hal.o [1]
  .text              ro code   0x800'33f8    0xf0  gpio.o [1]
  .text              ro code   0x800'34e8    0xe8  usb_otg.o [1]
  .text              ro code   0x800'35d0    0x28  printf.o [2]
  .text              ro code   0x800'35f8    0x10  stm32l4xx_hal_pwr.o [1]
  .text              ro code   0x800'3608    0x32  ABImemset48.o [4]
  .text              ro code   0x800'363c    0x30  stm32l4xx_hal_msp.o [1]
  .text              ro code   0x800'366c    0xdc  stm32l4xx_hal_pcd.o [1]
  .text              ro code   0x800'3748   0x280  stm32l4xx_ll_usb.o [1]
  .text              ro code   0x800'39c8    0x26  stm32l4xx_hal_pcd_ex.o [1]
  .text              ro code   0x800'39f0    0x28  stm32l4xx_hal.o [1]
  .text              ro code   0x800'3a18   0x140  heap0.o [2]
  .text              ro code   0x800'3b58    0x2c  xgetmemchunk.o [2]
  .text              ro code   0x800'3b84    0xd8  xfspos.o [2]
  .text              ro code   0x800'3c5c    0xac  fflush.o [2]
  .text              ro code   0x800'3d08     0xc  xfgpos.o [2]
  .text              ro code   0x800'3d14    0x4a  lseek.o [5]
  .text              ro code   0x800'3d5e    0x10  write.o [5]
  .text              ro code   0x800'3d70    0xcc  XShHandles.o [2]
  .text              ro code   0x800'3e3c    0x1e  dwrite.o [5]
  .text              ro code   0x800'3e5c    0x50  iarwstdswo.o [5]
  .text              ro code   0x800'3eac    0x22  iarwrite.o [5]
  .rodata            const     0x800'3ed0    0xd0  main.o [1]
  .text              ro code   0x800'3fa0    0xb4  xfwprep.o [2]
  .text              ro code   0x800'4054    0x24  fseek.o [2]
  .text              ro code   0x800'4078    0x8c  xfofind.o [2]
  .text              ro code   0x800'4104     0x4  heaptramp0.o [2]
  .text              ro code   0x800'4108    0x7e  fclose.o [2]
  .text              ro code   0x800'4186    0x18  close.o [5]
  .text              ro code   0x800'419e    0x14  remove.o [5]
  .text              ro code   0x800'41b4    0x5c  system_stm32l4xx.o [1]
  .text              ro code   0x800'4210    0x54  fputc.o [2]
  .text              ro code   0x800'4264    0x3c  xcloseall.o [2]
  .rodata            const     0x800'42a0    0x30  system_stm32l4xx.o [1]
  .text              ro code   0x800'42d0    0x28  data_init.o [4]
  .text              ro code   0x800'42f8    0x22  fpinit_M.o [3]
  .iar.init_table    const     0x800'431c    0x20  - Linker created -
  .text              ro code   0x800'433c    0x1e  cmain.o [4]
  .text              ro code   0x800'435a     0x4  low_level_init.o [2]
  .text              ro code   0x800'435e     0x4  exit.o [2]
  .text              ro code   0x800'4364     0xe  cexit.o [4]
  .text              ro code   0x800'4372    0x16  xprout.o [2]
  .text              ro code   0x800'4388     0xc  putchar.o [2]
  .text              ro code   0x800'4394    0x14  stm32l4xx_it.o [1]
  .text              ro code   0x800'43a8    0x10  stm32l4xx_hal.o [1]
  .text              ro code   0x800'43b8    0x10  startup_stm32l496xx.o [1]
  .text              ro code   0x800'43c8     0xc  cstartup_M.o [4]
  .rodata            const     0x800'43d4     0x8  system_stm32l4xx.o [1]
  .rodata            const     0x800'43dc     0x6  xlocale_c.o [2]
  .text              ro code   0x800'43e2     0x4  startup_stm32l496xx.o [1]
  .text              ro code   0x800'43e6     0x4  startup_stm32l496xx.o [1]
  .text              ro code   0x800'43ea     0x4  startup_stm32l496xx.o [1]
  .text              ro code   0x800'43ee     0x4  startup_stm32l496xx.o [1]
  .text              ro code   0x800'43f2     0x4  startup_stm32l496xx.o [1]
  .text              ro code   0x800'43f6     0x4  startup_stm32l496xx.o [1]
  .text              ro code   0x800'43fa     0x4  startup_stm32l496xx.o [1]
  .text              ro code   0x800'43fe     0x4  startup_stm32l496xx.o [1]
  .text              ro code   0x800'4402     0x4  startup_stm32l496xx.o [1]
  .text              ro code   0x800'4406     0x4  startup_stm32l496xx.o [1]
  .text              ro code   0x800'440a     0x4  startup_stm32l496xx.o [1]
  .text              ro code   0x800'440e     0x4  startup_stm32l496xx.o [1]
  .text              ro code   0x800'4412     0x4  startup_stm32l496xx.o [1]
  .text              ro code   0x800'4416     0x4  startup_stm32l496xx.o [1]
  .text              ro code   0x800'441a     0x4  startup_stm32l496xx.o [1]
  .text              ro code   0x800'441e     0x4  startup_stm32l496xx.o [1]
  .text              ro code   0x800'4422     0x4  startup_stm32l496xx.o [1]
  .text              ro code   0x800'4426     0x4  startup_stm32l496xx.o [1]
  .text              ro code   0x800'442a     0x4  startup_stm32l496xx.o [1]
  .text              ro code   0x800'442e     0x4  startup_stm32l496xx.o [1]
  .text              ro code   0x800'4432     0x4  startup_stm32l496xx.o [1]
  .text              ro code   0x800'4436     0x4  startup_stm32l496xx.o [1]
  .text              ro code   0x800'443a     0x4  startup_stm32l496xx.o [1]
  .text              ro code   0x800'443e     0x4  startup_stm32l496xx.o [1]
  .text              ro code   0x800'4442     0x4  startup_stm32l496xx.o [1]
  .text              ro code   0x800'4446     0x4  startup_stm32l496xx.o [1]
  .text              ro code   0x800'444a     0x4  startup_stm32l496xx.o [1]
  .text              ro code   0x800'444e     0x4  startup_stm32l496xx.o [1]
  .text              ro code   0x800'4452     0x4  startup_stm32l496xx.o [1]
  .text              ro code   0x800'4456     0x4  startup_stm32l496xx.o [1]
  .text              ro code   0x800'445a     0x4  startup_stm32l496xx.o [1]
  .text              ro code   0x800'445e     0x4  startup_stm32l496xx.o [1]
  .text              ro code   0x800'4462     0x4  startup_stm32l496xx.o [1]
  .text              ro code   0x800'4466     0x4  startup_stm32l496xx.o [1]
  .text              ro code   0x800'446a     0x4  startup_stm32l496xx.o [1]
  .text              ro code   0x800'446e     0x4  startup_stm32l496xx.o [1]
  .text              ro code   0x800'4472     0x4  startup_stm32l496xx.o [1]
  .text              ro code   0x800'4476     0x4  startup_stm32l496xx.o [1]
  .text              ro code   0x800'447a     0x4  startup_stm32l496xx.o [1]
  .text              ro code   0x800'447e     0x4  startup_stm32l496xx.o [1]
  .text              ro code   0x800'4482     0x4  startup_stm32l496xx.o [1]
  .text              ro code   0x800'4486     0x4  startup_stm32l496xx.o [1]
  .text              ro code   0x800'448a     0x4  startup_stm32l496xx.o [1]
  .text              ro code   0x800'448e     0x4  startup_stm32l496xx.o [1]
  .text              ro code   0x800'4492     0x4  startup_stm32l496xx.o [1]
  .text              ro code   0x800'4496     0x4  startup_stm32l496xx.o [1]
  .text              ro code   0x800'449a     0x4  startup_stm32l496xx.o [1]
  .text              ro code   0x800'449e     0x4  startup_stm32l496xx.o [1]
  .text              ro code   0x800'44a2     0x4  startup_stm32l496xx.o [1]
  .text              ro code   0x800'44a6     0x4  startup_stm32l496xx.o [1]
  .text              ro code   0x800'44aa     0x4  startup_stm32l496xx.o [1]
  .text              ro code   0x800'44ae     0x4  startup_stm32l496xx.o [1]
  .text              ro code   0x800'44b2     0x4  startup_stm32l496xx.o [1]
  .text              ro code   0x800'44b6     0x4  startup_stm32l496xx.o [1]
  .text              ro code   0x800'44ba     0x4  startup_stm32l496xx.o [1]
  .text              ro code   0x800'44be     0x4  startup_stm32l496xx.o [1]
  .text              ro code   0x800'44c2     0x4  startup_stm32l496xx.o [1]
  .text              ro code   0x800'44c6     0x4  startup_stm32l496xx.o [1]
  .text              ro code   0x800'44ca     0x4  startup_stm32l496xx.o [1]
  .text              ro code   0x800'44ce     0x4  startup_stm32l496xx.o [1]
  .text              ro code   0x800'44d2     0x4  startup_stm32l496xx.o [1]
  .text              ro code   0x800'44d6     0x4  startup_stm32l496xx.o [1]
  .text              ro code   0x800'44da     0x4  startup_stm32l496xx.o [1]
  .text              ro code   0x800'44de     0x4  startup_stm32l496xx.o [1]
  .text              ro code   0x800'44e2     0x4  startup_stm32l496xx.o [1]
  .text              ro code   0x800'44e6     0x4  startup_stm32l496xx.o [1]
  .text              ro code   0x800'44ea     0x4  startup_stm32l496xx.o [1]
  .text              ro code   0x800'44ee     0x4  startup_stm32l496xx.o [1]
  .text              ro code   0x800'44f2     0x4  startup_stm32l496xx.o [1]
  .text              ro code   0x800'44f6     0x4  startup_stm32l496xx.o [1]
  .text              ro code   0x800'44fa     0x4  startup_stm32l496xx.o [1]
  .text              ro code   0x800'44fe     0x4  startup_stm32l496xx.o [1]
  .text              ro code   0x800'4502     0x4  startup_stm32l496xx.o [1]
  .text              ro code   0x800'4506     0x4  startup_stm32l496xx.o [1]
  .text              ro code   0x800'450a     0x4  startup_stm32l496xx.o [1]
  .text              ro code   0x800'450e     0x4  startup_stm32l496xx.o [1]
  .text              ro code   0x800'4512     0x4  startup_stm32l496xx.o [1]
  .text              ro code   0x800'4516     0x4  startup_stm32l496xx.o [1]
  .text              ro code   0x800'451a     0x4  startup_stm32l496xx.o [1]
  .text              ro code   0x800'451e     0x4  startup_stm32l496xx.o [1]
  .text              ro code   0x800'4522     0x4  startup_stm32l496xx.o [1]
  .text              ro code   0x800'4526     0x4  startup_stm32l496xx.o [1]
  .text              ro code   0x800'452a     0x4  startup_stm32l496xx.o [1]
  .text              ro code   0x800'452e     0x4  startup_stm32l496xx.o [1]
  .text              ro code   0x800'4532     0x4  startup_stm32l496xx.o [1]
  .text              ro code   0x800'4536     0x4  startup_stm32l496xx.o [1]
  .text              ro code   0x800'453a     0x4  startup_stm32l496xx.o [1]
  .text              ro code   0x800'453e     0x4  startup_stm32l496xx.o [1]
  .text              ro code   0x800'4542     0x4  startup_stm32l496xx.o [1]
  .text              ro code   0x800'4546     0x4  startup_stm32l496xx.o [1]
  .text              ro code   0x800'454c     0x0  cstart_closeall.o [4]
  .rodata            const     0x800'454c     0x0  zero_init3.o [4]
  .rodata            const     0x800'454c     0x0  lz77_init_single.o [4]
  Initializer bytes  const     0x800'454c    0x89  <for P2-1>
                             - 0x800'45d5  0x4429

"P2", part 1 of 3:                          0x188
  P2-1                        0x2000'0000   0x188  <Init block>
    .data            inited   0x2000'0000     0xc  stm32l4xx_hal.o [1]
    .data            inited   0x2000'000c     0x4  system_stm32l4xx.o [1]
    .data            inited   0x2000'0010    0x38  xlocale_c.o [2]
    .data            inited   0x2000'0048    0x48  xlocale_c.o [2]
    .data            inited   0x2000'0090    0x48  xfiles.o [2]
    .data            inited   0x2000'00d8    0x48  xfiles.o [2]
    .data            inited   0x2000'0120    0x48  xfiles.o [2]
    .data            inited   0x2000'0168    0x20  xfiles.o [2]
                            - 0x2000'0188   0x188

"P2", part 2 of 3:                          0x5b8
  .bss               zero     0x2000'0188   0x408  usb_otg.o [1]
  .bss               zero     0x2000'0590    0x80  usart.o [1]
  .bss               zero     0x2000'0610    0x80  XShHandles.o [2]
  .bss               zero     0x2000'0690    0x50  xfiles.o [2]
  .bss               zero     0x2000'06e0    0x50  xfiles.o [2]
  .bss               zero     0x2000'0730     0x8  heap0.o [2]
  .bss               zero     0x2000'0738     0x4  xfail_s.o [2]
  .bss               zero     0x2000'073c     0x4  xgetmemchunk.o [2]
                            - 0x2000'0740   0x5b8

"P2", part 3 of 3:                          0x600
  CSTACK                      0x2000'0740   0x400  <Block>
    CSTACK           uninit   0x2000'0740   0x400  <Block tail>
  HEAP                        0x2000'0b40   0x200  <Block>
    HEAP             uninit   0x2000'0b40   0x200  <Block tail>
                            - 0x2000'0d40   0x600

Unused ranges:

         From           To      Size
         ----           --      ----
   0x800'45d5   0x80f'ffff  0xf'ba2b
  0x2000'0d40  0x2004'ffff  0x4'f2c0


*******************************************************************************
*** INIT TABLE
***

          Address      Size
          -------      ----
Zero (__iar_zero_init3)
    1 destination range, total size 0x5b8:
          0x2000'0188  0x5b8

Copy/lz77 (__iar_lz77_init_single3)
    1 source range, total size 0x89 (34% of destination):
           0x800'454c   0x89
    1 destination range, total size 0x188:
          0x2000'0000  0x188



*******************************************************************************
*** MODULE SUMMARY
***

    Module                  ro code  ro data  rw data
    ------                  -------  -------  -------
command line/config:
    -------------------------------------------------
    Total:

D:\TEST\STM32CUBE\Test_SWO\EWARM\Test_SWO\Obj: [1]
    gpio.o                      240
    main.o                      252      208
    startup_stm32l496xx.o       804
    stm32l4xx_hal.o             166        4       12
    stm32l4xx_hal_cortex.o      172
    stm32l4xx_hal_gpio.o        476
    stm32l4xx_hal_msp.o          48
    stm32l4xx_hal_pcd.o         220
    stm32l4xx_hal_pcd_ex.o       38
    stm32l4xx_hal_pwr.o          16
    stm32l4xx_hal_pwr_ex.o      168
    stm32l4xx_hal_rcc.o       1 932
    stm32l4xx_hal_rcc_ex.o    1 376
    stm32l4xx_hal_uart.o      1 126
    stm32l4xx_it.o               20
    stm32l4xx_ll_usb.o          640
    system_stm32l4xx.o           92       57        4
    usart.o                     172               128
    usb_otg.o                   232             1 032
    -------------------------------------------------
    Total:                    8 190      269    1 176

dl7M_tlf.a: [2]
    XShHandles.o                204               128
    abort.o                       6
    exit.o                        4
    fclose.o                    126
    fflush.o                    172
    fputc.o                      84
    fseek.o                      36
    heap0.o                     320                 8
    heaptramp0.o                  4
    low_level_init.o              4
    printf.o                     40
    putchar.o                    12
    xcloseall.o                  60
    xencoding_8859_1.o           30
    xfail_s.o                    64                 4
    xfgpos.o                     12
    xfiles.o                              87      408
    xfofind.o                   140
    xfspos.o                    216
    xfwprep.o                   180
    xgetmemchunk.o               44                 4
    xlocale_c.o                 120       51      128
    xmbcurmax.o                  10
    xprintffull.o             3 910
    xprout.o                     22
    -------------------------------------------------
    Total:                    5 820      138      680

m7M_tls.a: [3]
    DblAdd.o                    362
    DblCmpGe.o                   46
    DblCmpLe.o                   46
    DblDiv.o                    582
    DblMul.o                    418
    DblSub.o                    226
    DblToS32.o                   58
    DblToU32.o                   40
    S32ToDbl.o                   34
    U32ToDbl.o                   26
    fpinit_M.o                   34
    frexp.o                     112
    ldexp.o                     314
    -------------------------------------------------
    Total:                    2 298

rt7M_tl.a: [4]
    ABImemclr4.o                  6
    ABImemcpy_small.o            24
    ABImemset48.o                50
    I64DivMod_small.o           262
    I64DivZer.o                   2
    cexit.o                      14
    cmain.o                      30
    cstart_closeall.o
    cstartup_M.o                 12
    data_init.o                  40
    lz77_init_single.o          122
    memchr.o                     88
    strchr.o                     22
    strlen.o                     54
    zero_init3.o                 58
    -------------------------------------------------
    Total:                      784

shb_l.a: [5]
    close.o                      24
    dwrite.o                     30
    exit.o                       20
    iarwrite.o                   34
    iarwstdswo.o                 80
    lseek.o                      74
    remove.o                     20
    write.o                      16
    -------------------------------------------------
    Total:                      298

    Gaps                         44        4
    Linker created                        32    1 536
-----------------------------------------------------
    Grand Total:             17 434      443    3 392


*******************************************************************************
*** ENTRY LIST
***

Entry                       Address   Size  Type      Object
-----                       -------   ----  ----      ------
.iar.init_table$$Base    0x800'431c          --   Gb  - Linker created -
.iar.init_table$$Limit   0x800'433c          --   Gb  - Linker created -
?main                    0x800'433d         Code  Gb  cmain.o [4]
AHBPrescTable            0x800'4200   0x10  Data  Gb  system_stm32l4xx.o [1]
APBPrescTable            0x800'43d4    0x8  Data  Gb  system_stm32l4xx.o [1]
Aldata                  0x2000'0730    0x8  Data  Lc  heap0.o [2]
BusFault_Handler         0x800'439b    0x2  Code  Gb  stm32l4xx_it.o [1]
CSTACK$$Base            0x2000'0740          --   Gb  - Linker created -
CSTACK$$Limit           0x2000'0b40          --   Gb  - Linker created -
CacheMore                0x800'1171   0x24  Code  Lc  xlocale_c.o [2]
DebugMon_Handler         0x800'43a1    0x2  Code  Gb  stm32l4xx_it.o [1]
Error_Handler            0x800'31e1    0x2  Code  Gb  main.o [1]
HAL_Delay                0x800'39f1   0x28  Code  Wk  stm32l4xx_hal.o [1]
HAL_GPIO_Init            0x800'31fd  0x1aa  Code  Gb  stm32l4xx_hal_gpio.o [1]
HAL_GPIO_WritePin        0x800'33a7    0xa  Code  Gb  stm32l4xx_hal_gpio.o [1]
HAL_GetTick              0x800'2525    0xc  Code  Wk  stm32l4xx_hal.o [1]
HAL_IncTick              0x800'43a9   0x10  Code  Wk  stm32l4xx_hal.o [1]
HAL_Init                 0x800'33d9   0x1e  Code  Gb  stm32l4xx_hal.o [1]
HAL_InitTick             0x800'24e1   0x44  Code  Wk  stm32l4xx_hal.o [1]
HAL_MspInit              0x800'363d   0x30  Code  Gb  stm32l4xx_hal_msp.o [1]
HAL_NVIC_SetPriority     0x800'260d   0x3a  Code  Gb  stm32l4xx_hal_cortex.o [1]
HAL_NVIC_SetPriorityGrouping
                         0x800'25f3   0x1a  Code  Gb  stm32l4xx_hal_cortex.o [1]
HAL_PCDEx_ActivateLPM    0x800'39c9   0x26  Code  Gb  stm32l4xx_hal_pcd_ex.o [1]
HAL_PCD_Init             0x800'366d   0xc4  Code  Gb  stm32l4xx_hal_pcd.o [1]
HAL_PCD_MspInit          0x800'3521   0x9a  Code  Gb  usb_otg.o [1]
HAL_PWREx_ControlVoltageScaling
                         0x800'253d   0x5e  Code  Gb  stm32l4xx_hal_pwr_ex.o [1]
HAL_PWREx_EnableVddIO2   0x800'25a1    0xe  Code  Gb  stm32l4xx_hal_pwr_ex.o [1]
HAL_PWREx_EnableVddUSB   0x800'259b    0x6  Code  Gb  stm32l4xx_hal_pwr_ex.o [1]
HAL_PWREx_GetVoltageRange
                         0x800'2531    0xc  Code  Gb  stm32l4xx_hal_pwr_ex.o [1]
HAL_PWR_EnableBkUpAccess
                         0x800'35f9    0xc  Code  Gb  stm32l4xx_hal_pwr.o [1]
HAL_RCCEx_EnableMSIPLLMode
                         0x800'29e1    0xe  Code  Gb  stm32l4xx_hal_rcc_ex.o [1]
HAL_RCCEx_PeriphCLKConfig
                         0x800'2685  0x340  Code  Gb  stm32l4xx_hal_rcc_ex.o [1]
HAL_RCC_ClockConfig      0x800'225f  0x100  Code  Gb  stm32l4xx_hal_rcc.o [1]
HAL_RCC_GetPCLK1Freq     0x800'2405   0x10  Code  Gb  stm32l4xx_hal_rcc.o [1]
HAL_RCC_GetPCLK2Freq     0x800'2415    0xe  Code  Gb  stm32l4xx_hal_rcc.o [1]
HAL_RCC_GetSysClockFreq
                         0x800'2373   0x92  Code  Gb  stm32l4xx_hal_rcc.o [1]
HAL_RCC_OscConfig        0x800'1d55  0x4de  Code  Gb  stm32l4xx_hal_rcc.o [1]
HAL_SYSTICK_Config       0x800'2649   0x28  Code  Gb  stm32l4xx_hal_cortex.o [1]
HAL_UART_Init            0x800'2be5   0x30  Code  Gb  stm32l4xx_hal_uart.o [1]
HAL_UART_MspInit         0x800'3081   0x62  Code  Gb  usart.o [1]
HEAP$$Base              0x2000'0b40          --   Gb  - Linker created -
HEAP$$Limit             0x2000'0d40          --   Gb  - Linker created -
HardFault_Handler        0x800'4397    0x2  Code  Gb  stm32l4xx_it.o [1]
LoadInt                  0x800'036f   0x7a  Code  Lc  xprintffull.o [2]
MSIRangeTable            0x800'42a0   0x30  Data  Gb  system_stm32l4xx.o [1]
MX_GPIO_Init             0x800'33f9   0xcc  Code  Gb  gpio.o [1]
MX_LPUART1_UART_Init     0x800'304d   0x34  Code  Gb  usart.o [1]
MX_USB_OTG_FS_PCD_Init   0x800'34e9   0x38  Code  Gb  usb_otg.o [1]
MemManage_Handler        0x800'4399    0x2  Code  Gb  stm32l4xx_it.o [1]
NMI_Handler              0x800'4395    0x2  Code  Gb  stm32l4xx_it.o [1]
PendSV_Handler           0x800'43a3    0x2  Code  Gb  stm32l4xx_it.o [1]
RCCEx_PLLSAI1_Config     0x800'29fd   0xc8  Code  Lc  stm32l4xx_hal_rcc_ex.o [1]
RCCEx_PLLSAI2_Config     0x800'2ac5   0xac  Code  Lc  stm32l4xx_hal_rcc_ex.o [1]
RCC_SetFlashLatencyFromMSIRange
                         0x800'242d   0x74  Code  Lc  stm32l4xx_hal_rcc.o [1]
Region$$Table$$Base      0x800'431c          --   Gb  - Linker created -
Region$$Table$$Limit     0x800'433c          --   Gb  - Linker created -
SVC_Handler              0x800'439f    0x2  Code  Gb  stm32l4xx_it.o [1]
SysTick_Handler          0x800'43a5    0x4  Code  Gb  stm32l4xx_it.o [1]
SystemClock_Config       0x800'311f   0xba  Code  Gb  main.o [1]
SystemCoreClock         0x2000'000c    0x4  Data  Gb  system_stm32l4xx.o [1]
SystemInit               0x800'41b5   0x3c  Code  Gb  system_stm32l4xx.o [1]
UART_AdvFeatureConfig    0x800'2e9d   0xc6  Code  Gb  stm32l4xx_hal_uart.o [1]
UART_CheckIdleState      0x800'2f63   0x5a  Code  Gb  stm32l4xx_hal_uart.o [1]
UART_SetConfig           0x800'2c65  0x210  Code  Gb  stm32l4xx_hal_uart.o [1]
UART_WaitOnFlagUntilTimeout
                         0x800'2fbd   0x78  Code  Gb  stm32l4xx_hal_uart.o [1]
USB_CoreInit             0x800'3749   0x62  Code  Gb  stm32l4xx_ll_usb.o [1]
USB_CoreReset            0x800'3993   0x2a  Code  Lc  stm32l4xx_ll_usb.o [1]
USB_DevDisconnect        0x800'3977   0x16  Code  Gb  stm32l4xx_ll_usb.o [1]
USB_DevInit              0x800'37e5  0x14a  Code  Gb  stm32l4xx_ll_usb.o [1]
USB_DisableGlobalInt     0x800'37ab    0x6  Code  Gb  stm32l4xx_ll_usb.o [1]
USB_FlushRxFifo          0x800'394d   0x1a  Code  Gb  stm32l4xx_ll_usb.o [1]
USB_FlushTxFifo          0x800'392f   0x1e  Code  Gb  stm32l4xx_ll_usb.o [1]
USB_SetCurrentMode       0x800'37b7   0x2e  Code  Gb  stm32l4xx_ll_usb.o [1]
USB_SetDevSpeed          0x800'3967    0xa  Code  Gb  stm32l4xx_ll_usb.o [1]
UsageFault_Handler       0x800'439d    0x2  Code  Gb  stm32l4xx_it.o [1]
_Close_all               0x800'4265   0x3c  Code  Gb  xcloseall.o [2]
_Encoding_8859_1_Mbrlen
                         0x800'12bd    0x2  Code  Gb  xencoding_8859_1.o [2]
_Encoding_8859_1_Wctomb
                         0x800'12ab   0x12  Code  Gb  xencoding_8859_1.o [2]
_Files                  0x2000'0168   0x20  Data  Gb  xfiles.o [2]
_Fofree                  0x800'4079   0x86  Code  Gb  xfofind.o [2]
_Fspos                   0x800'3b85   0xd8  Code  Gb  xfspos.o [2]
_Fwprep                  0x800'3fa1   0xb4  Code  Gb  xfwprep.o [2]
_GenldFull               0x800'0dcd  0x274  Code  Lc  xprintffull.o [2]
_LdtobFull               0x800'09c9  0x3d6  Code  Lc  xprintffull.o [2]
_LitobFull               0x800'0879  0x10a  Code  Lc  xprintffull.o [2]
_Locale_lconv           0x2000'0010   0x38  Data  Lc  xlocale_c.o [2]
_Nnl                     0x800'3d09    0xc  Code  Gb  xfgpos.o [2]
_PrintfFull              0x800'01ad  0x1aa  Code  Gb  xprintffull.o [2]
_Prout                   0x800'4373   0x16  Code  Gb  xprout.o [2]
_PutcharsFull            0x800'1041   0x2e  Code  Lc  xprintffull.o [2]
_PutfldFull              0x800'03e9  0x2d4  Code  Lc  xprintffull.o [2]
_PutstrFull              0x800'07b3   0xc6  Code  Lc  xprintffull.o [2]
_PuttxtFull              0x800'06bd   0xf6  Code  Lc  xprintffull.o [2]
__NVIC_SetPriority       0x800'25d9   0x1a  Code  Lc  stm32l4xx_hal_cortex.o [1]
__aeabi_cdcmple          0x800'1661         Code  Gb  DblCmpLe.o [3]
__aeabi_cdrcmple         0x800'1691         Code  Gb  DblCmpGe.o [3]
__aeabi_d2iz             0x800'17fd         Code  Gb  DblToS32.o [3]
__aeabi_d2uiz            0x800'1b89         Code  Gb  DblToU32.o [3]
__aeabi_ddiv             0x800'1941         Code  Gb  DblDiv.o [3]
__aeabi_dmul             0x800'144d         Code  Gb  DblMul.o [3]
__aeabi_dsub             0x800'185d         Code  Gb  DblSub.o [3]
__aeabi_i2d              0x800'1839         Code  Gb  S32ToDbl.o [3]
__aeabi_ldiv0            0x800'1bd1         Code  Gb  I64DivZer.o [4]
__aeabi_memclr4          0x800'31f5         Code  Gb  ABImemclr4.o [4]
__aeabi_ui2d             0x800'1bb1         Code  Gb  U32ToDbl.o [3]
__basic_free             0x800'3ac5   0x16  Code  Gb  heap0.o [2]
__basic_free_intern      0x800'3adb   0x7a  Code  Lc  heap0.o [2]
__basic_malloc           0x800'3a19   0x18  Code  Gb  heap0.o [2]
__basic_malloc_intern    0x800'3a31   0x94  Code  Lc  heap0.o [2]
__cexit_closeall         0x800'4367         Code  Gb  cexit.o [4]
__close                  0x800'4187   0x18  Code  Gb  close.o [5]
__cmain                  0x800'433d         Code  Gb  cmain.o [4]
__cstart_closeall        0x800'454c         Data  Gb  cstart_closeall.o [4]
__data_GetMemChunk       0x800'3b59   0x2c  Code  Gb  xgetmemchunk.o [2]
__data_GetMemChunk::start
                        0x2000'073c    0x4  Data  Lc  xgetmemchunk.o [2]
__dwrite                 0x800'3e3d   0x1e  Code  Gb  dwrite.o [5]
__exit                   0x800'1d41   0x14  Code  Gb  exit.o [5]
__iar_Fail_s             0x800'1235   0x1c  Code  Gb  xfail_s.o [2]
__iar_Mbcurmax           0x800'1321    0xa  Code  Gb  xmbcurmax.o [2]
__iar_Memchr             0x800'12c9         Code  Gb  memchr.o [4]
__iar_Memset4_word       0x800'3609         Code  Gb  ABImemset48.o [4]
__iar_Memset8_word       0x800'3609         Code  Gb  ABImemset48.o [4]
__iar_Stderr            0x2000'0120   0x48  Data  Gb  xfiles.o [2]
__iar_Stdin             0x2000'0090   0x48  Data  Gb  xfiles.o [2]
__iar_Stdout            0x2000'00d8   0x48  Data  Gb  xfiles.o [2]
__iar_Strchr             0x800'11e5         Code  Gb  strchr.o [4]
__iar_dadd               0x800'186d         Code  Gb  DblSub.o [3]
__iar_data_init3         0x800'42d1   0x28  Code  Gb  data_init.o [4]
__iar_dsub               0x800'1bd5         Code  Gb  DblAdd.o [3]
__iar_dsubStart          0x800'1be7         Code  Gb  DblAdd.o [3]
__iar_frexp              0x800'15fd         Code  Gb  frexp.o [3]
__iar_frexpl             0x800'15fd         Code  Gb  frexp.o [3]
__iar_globLocale        0x2000'0048   0x48  Data  Lc  xlocale_c.o [2]
__iar_global_Locale      0x800'116d    0x4  Code  Gb  xlocale_c.o [2]
__iar_init_vfp           0x800'42f9         Code  Gb  fpinit_M.o [3]
__iar_ldexp64            0x800'16c1         Code  Gb  ldexp.o [3]
__iar_lz77_init_single3
                         0x800'10f3   0x7a  Code  Gb  lz77_init_single.o [4]
__iar_program_start      0x800'43c9         Code  Gb  cstartup_M.o [4]
__iar_scalbln64          0x800'16c1         Code  Gb  ldexp.o [3]
__iar_scalbn64           0x800'16c1         Code  Gb  ldexp.o [3]
__iar_sh_Discard         0x800'3d71   0x42  Code  Gb  XShHandles.o [2]
__iar_sh_Move            0x800'3db3   0x46  Code  Gb  XShHandles.o [2]
__iar_sh_Pos             0x800'3df9   0x3e  Code  Gb  XShHandles.o [2]
__iar_sh_stdout_swo      0x800'3e5d   0x50  Code  Gb  iarwstdswo.o [5]
__iar_sh_write           0x800'3ead   0x22  Code  Gb  iarwrite.o [5]
__iar_small_Memcpy       0x800'1331         Code  Gb  ABImemcpy_small.o [4]
__iar_small_memcpy       0x800'132d         Code  Gb  ABImemcpy_small.o [4]
__iar_small_memcpy4      0x800'132d         Code  Gb  ABImemcpy_small.o [4]
__iar_small_memcpy8      0x800'132d         Code  Gb  ABImemcpy_small.o [4]
__iar_small_uldivmod     0x800'1345         Code  Gb  I64DivMod_small.o [4]
__iar_softfp___iar_frexp64
                         0x800'15f1         Code  Gb  frexp.o [3]
__iar_softfp_frexp       0x800'15f1         Code  Gb  frexp.o [3]
__iar_softfp_frexpl      0x800'15f1         Code  Gb  frexp.o [3]
__iar_zero_init3         0x800'11fb   0x3a  Code  Gb  zero_init3.o [4]
__low_level_init         0x800'435b    0x4  Code  Gb  low_level_init.o [2]
__lseek                  0x800'3d15   0x4a  Code  Gb  lseek.o [5]
__vector_table           0x800'0000         Data  Gb  startup_stm32l496xx.o [1]
__write                  0x800'3d5f   0x10  Code  Gb  write.o [5]
_call_main               0x800'4349         Code  Gb  cmain.o [4]
_exit                    0x800'4365         Code  Gb  cexit.o [4]
_gLocale_mblen           0x800'11d1    0x4  Code  Gb  xlocale_c.o [2]
_gLocale_mblenInt        0x800'1195   0x2c  Code  Gb  xlocale_c.o [2]
_gLocale_wctomb          0x800'11d5    0x4  Code  Gb  xlocale_c.o [2]
_gLocale_wctombInt       0x800'11cd    0x4  Code  Gb  xlocale_c.o [2]
_main                    0x800'4357         Code  Gb  cmain.o [4]
abort                    0x800'1bcb    0x6  Code  Gb  abort.o [2]
ebuf                    0x2000'0690   0x50  Data  Lc  xfiles.o [2]
exit                     0x800'435f    0x4  Code  Gb  exit.o [2]
fclose                   0x800'4109   0x7e  Code  Gb  fclose.o [2]
fflush                   0x800'3cd1   0x34  Code  Gb  fflush.o [2]
fflushOne                0x800'3c5d   0x74  Code  Lc  fflush.o [2]
fputc                    0x800'4211   0x54  Code  Gb  fputc.o [2]
free                     0x800'4105    0x4  Code  Gb  heaptramp0.o [2]
fseek                    0x800'4055   0x24  Code  Gb  fseek.o [2]
hlpuart1                0x2000'0590   0x80  Data  Gb  usart.o [1]
hpcd_USB_OTG_FS         0x2000'0188  0x408  Data  Gb  usb_otg.o [1]
ldexp                    0x800'16c1         Code  Gb  ldexp.o [3]
ldexpl                   0x800'16c1         Code  Gb  ldexp.o [3]
localeconv               0x800'11d9    0x4  Code  Gb  xlocale_c.o [2]
main                     0x800'30f9   0x26  Code  Gb  main.o [1]
memchr                   0x800'12c9         Code  Gb  memchr.o [4]
obuf                    0x2000'06e0   0x50  Data  Lc  xfiles.o [2]
printf                   0x800'35d1   0x28  Code  Gb  printf.o [2]
putchar                  0x800'4389    0xc  Code  Gb  putchar.o [2]
remove                   0x800'419f   0x14  Code  Gb  remove.o [5]
sFileInfo               0x2000'0610   0x80  Data  Lc  XShHandles.o [2]
scalbln                  0x800'16c1         Code  Gb  ldexp.o [3]
scalblnl                 0x800'16c1         Code  Gb  ldexp.o [3]
scalbn                   0x800'16c1         Code  Gb  ldexp.o [3]
scalbnl                  0x800'16c1         Code  Gb  ldexp.o [3]
scale                    0x800'0983   0x46  Code  Lc  xprintffull.o [2]
sec_hand                0x2000'0738    0x4  Data  Lc  xfail_s.o [2]
strchr                   0x800'11e5         Code  Gb  strchr.o [4]
strlen                   0x800'1275         Code  Gb  strlen.o [4]
uwTick                  0x2000'0004    0x4  Data  Gb  stm32l4xx_hal.o [1]
uwTickFreq              0x2000'0000    0x1  Data  Gb  stm32l4xx_hal.o [1]
uwTickPrio              0x2000'0008    0x4  Data  Gb  stm32l4xx_hal.o [1]


[1] = D:\TEST\STM32CUBE\Test_SWO\EWARM\Test_SWO\Obj
[2] = dl7M_tlf.a
[3] = m7M_tls.a
[4] = rt7M_tl.a
[5] = shb_l.a

  17 434 bytes of readonly  code memory
     443 bytes of readonly  data memory
   3 392 bytes of readwrite data memory

Errors: none
Warnings: none
